[     121ms] [LOG] %c数星埋点初始化成功 color: #00bebd @ https://www.zhipin.com/:130
[     472ms] [LOG] %c数星埋点初始化成功 color: #00bebd @ https://www.zhipin.com/shenzhen/?seoRefer=index:130
[     648ms] [ERROR] Failed to load resource: net::ERR_CONNECTION_CLOSED @ https://hm.baidu.com/hm.js?194df3105ad7148dcf2b98a91b5e727a:0
[    1191ms] [ERROR] Failed to load resource: net::ERR_FAILED @ chrome-extension://invalid/:0
[    1191ms] [ERROR] WebSocket connection to 'ws://127.0.0.1:18789/1784465382255' failed:  @ https://static.zhipin.com/zhipin-geek/security/121/geek/index.js:0
[    1192ms] [LOG] JSHandle@node @ https://static.zhipin.com/zhipin-geek-seo/v5464/web/geek/js/main.js:0
[    1192ms] [LOG] Sun Jul 19 2026 20:49:41 GMT+0800 (China Standard Time) @ https://static.zhipin.com/zhipin-geek-seo/v5464/web/geek/js/main.js:0
[    1192ms] [LOG] function(){} @ https://static.zhipin.com/zhipin-geek-seo/v5464/web/geek/js/main.js:0
[    1192ms] [TABLE] [Object, Object, Object, Object, Object, Object, Object, Object, Object, Object, Object, Object, Object, Object, Object, Object, Object, Object, Object, Object, Object, Object, Object, Object, Object, Object, Object, Object, Object, Object, Object, Object, Object, Object, Object, Object, Object, Object, Object, Object, Object, Object, Object, Object, Object, Object, Object, Object, Object, Object] @ https://static.zhipin.com/zhipin-geek-seo/v5464/web/geek/js/main.js:0
[    1223ms] [LOG] [Object, Object, Object, Object, Object, Object, Object, Object, Object, Object, Object, Object, Object, Object, Object, Object, Object, Object, Object, Object, Object, Object, Object, Object, Object, Object, Object, Object, Object, Object, Object, Object, Object, Object, Object, Object, Object, Object, Object, Object, Object, Object, Object, Object, Object, Object, Object, Object, Object, Object] @ https://static.zhipin.com/zhipin-geek-seo/v5464/web/geek/js/main.js:0
[    1224ms] [ERROR] Failed to load resource: net::ERR_CONNECTION_REFUSED @ http://127.0.0.1:8642/v1/health:0
[    1225ms] [ERROR] WebSocket connection to 'ws://127.0.0.1:10086/ws' failed:  @ https://static.zhipin.com/zhipin-geek/security/121/geek/index.js:0
[    1227ms] [LOG] [Object] @ https://static.zhipin.com/zhipin-geek/security/121/geek/index.js:0
[    1227ms] [LOG] [Object, Object] @ https://static.zhipin.com/zhipin-geek/security/121/geek/index.js:0
[    1237ms] [ERROR] WebSocket connection to 'ws://127.0.0.1:9222/1784465382256' failed:  @ https://static.zhipin.com/zhipin-geek/security/121/geek/index.js:0
[    1238ms] [LOG] [Object, Object, Object] @ https://static.zhipin.com/zhipin-geek/security/121/geek/index.js:0
[    1238ms] [LOG] [Object, Object, Object, Object] @ https://static.zhipin.com/zhipin-geek/security/121/geek/index.js:0
[    1240ms] [LOG] [Object, Object, Object, Object, Object, Object] @ https://static.zhipin.com/zhipin-geek/security/121/geek/index.js:0
[    1466ms] [INFO] This page uses Chrome's Built-In AI features (LanguageDetector)! We're always improving our models; please submit your feedback here: https://issues.chromium.org/issues/new?component=1583316 @ chrome-extension://bpoadfkcbjbfhfodiogcnhhhpibjhbnh/content_main.js:4846
[    1679ms] [LOG] JSHandle@node @ https://static.zhipin.com/zhipin-geek-seo/v5464/web/geek/js/main.js:0
[    1679ms] [LOG] Sun Jul 19 2026 20:49:41 GMT+0800 (China Standard Time) @ https://static.zhipin.com/zhipin-geek-seo/v5464/web/geek/js/main.js:0
[    1679ms] [LOG] function(){} @ https://static.zhipin.com/zhipin-geek-seo/v5464/web/geek/js/main.js:0
[    1679ms] [TABLE] [Object, Object, Object, Object, Object, Object, Object, Object, Object, Object, Object, Object, Object, Object, Object, Object, Object, Object, Object, Object, Object, Object, Object, Object, Object, Object, Object, Object, Object, Object, Object, Object, Object, Object, Object, Object, Object, Object, Object, Object, Object, Object, Object, Object, Object, Object, Object, Object, Object, Object] @ https://static.zhipin.com/zhipin-geek-seo/v5464/web/geek/js/main.js:0
[    1710ms] [LOG] [Object, Object, Object, Object, Object, Object, Object, Object, Object, Object, Object, Object, Object, Object, Object, Object, Object, Object, Object, Object, Object, Object, Object, Object, Object, Object, Object, Object, Object, Object, Object, Object, Object, Object, Object, Object, Object, Object, Object, Object, Object, Object, Object, Object, Object, Object, Object, Object, Object, Object] @ https://static.zhipin.com/zhipin-geek-seo/v5464/web/geek/js/main.js:0
[    2179ms] [LOG] JSHandle@node @ https://static.zhipin.com/zhipin-geek-seo/v5464/web/geek/js/main.js:0
[    2179ms] [LOG] Sun Jul 19 2026 20:49:41 GMT+0800 (China Standard Time) @ https://static.zhipin.com/zhipin-geek-seo/v5464/web/geek/js/main.js:0
[    2179ms] [LOG] function(){} @ https://static.zhipin.com/zhipin-geek-seo/v5464/web/geek/js/main.js:0
[    2180ms] [TABLE] [Object, Object, Object, Object, Object, Object, Object, Object, Object, Object, Object, Object, Object, Object, Object, Object, Object, Object, Object, Object, Object, Object, Object, Object, Object, Object, Object, Object, Object, Object, Object, Object, Object, Object, Object, Object, Object, Object, Object, Object, Object, Object, Object, Object, Object, Object, Object, Object, Object, Object] @ https://static.zhipin.com/zhipin-geek-seo/v5464/web/geek/js/main.js:0
[    2209ms] [LOG] [Object, Object, Object, Object, Object, Object, Object, Object, Object, Object, Object, Object, Object, Object, Object, Object, Object, Object, Object, Object, Object, Object, Object, Object, Object, Object, Object, Object, Object, Object, Object, Object, Object, Object, Object, Object, Object, Object, Object, Object, Object, Object, Object, Object, Object, Object, Object, Object, Object, Object] @ https://static.zhipin.com/zhipin-geek-seo/v5464/web/geek/js/main.js:0
[    2679ms] [LOG] JSHandle@node @ https://static.zhipin.com/zhipin-geek-seo/v5464/web/geek/js/main.js:0
[    2679ms] [LOG] Sun Jul 19 2026 20:49:41 GMT+0800 (China Standard Time) @ https://static.zhipin.com/zhipin-geek-seo/v5464/web/geek/js/main.js:0
[    2679ms] [LOG] function(){} @ https://static.zhipin.com/zhipin-geek-seo/v5464/web/geek/js/main.js:0
[    2679ms] [TABLE] [Object, Object, Object, Object, Object, Object, Object, Object, Object, Object, Object, Object, Object, Object, Object, Object, Object, Object, Object, Object, Object, Object, Object, Object, Object, Object, Object, Object, Object, Object, Object, Object, Object, Object, Object, Object, Object, Object, Object, Object, Object, Object, Object, Object, Object, Object, Object, Object, Object, Object] @ https://static.zhipin.com/zhipin-geek-seo/v5464/web/geek/js/main.js:0
[    2711ms] [LOG] [Object, Object, Object, Object, Object, Object, Object, Object, Object, Object, Object, Object, Object, Object, Object, Object, Object, Object, Object, Object, Object, Object, Object, Object, Object, Object, Object, Object, Object, Object, Object, Object, Object, Object, Object, Object, Object, Object, Object, Object, Object, Object, Object, Object, Object, Object, Object, Object, Object, Object] @ https://static.zhipin.com/zhipin-geek-seo/v5464/web/geek/js/main.js:0
[    3189ms] [LOG] JSHandle@node @ https://static.zhipin.com/zhipin-geek-seo/v5464/web/geek/js/main.js:0
[    3189ms] [LOG] Sun Jul 19 2026 20:49:41 GMT+0800 (China Standard Time) @ https://static.zhipin.com/zhipin-geek-seo/v5464/web/geek/js/main.js:0
[    3190ms] [LOG] function(){} @ https://static.zhipin.com/zhipin-geek-seo/v5464/web/geek/js/main.js:0
[    3190ms] [TABLE] [Object, Object, Object, Object, Object, Object, Object, Object, Object, Object, Object, Object, Object, Object, Object, Object, Object, Object, Object, Object, Object, Object, Object, Object, Object, Object, Object, Object, Object, Object, Object, Object, Object, Object, Object, Object, Object, Object, Object, Object, Object, Object, Object, Object, Object, Object, Object, Object, Object, Object] @ https://static.zhipin.com/zhipin-geek-seo/v5464/web/geek/js/main.js:0
[    3227ms] [LOG] [Object, Object, Object, Object, Object, Object, Object, Object, Object, Object, Object, Object, Object, Object, Object, Object, Object, Object, Object, Object, Object, Object, Object, Object, Object, Object, Object, Object, Object, Object, Object, Object, Object, Object, Object, Object, Object, Object, Object, Object, Object, Object, Object, Object, Object, Object, Object, Object, Object, Object] @ https://static.zhipin.com/zhipin-geek-seo/v5464/web/geek/js/main.js:0
[    3479ms] [LOG] [Object] @ https://static.zhipin.com/zhipin-geek/security/121/geek/index.js:0
[    3571ms] [LOG] %c数星埋点初始化成功 color: #00bebd @ https://www.zhipin.com/web/user/?ka=header-login:87
[    4067ms] [INFO] This page uses Chrome's Built-In AI features (LanguageDetector)! We're always improving our models; please submit your feedback here: https://issues.chromium.org/issues/new?component=1583316 @ chrome-extension://bpoadfkcbjbfhfodiogcnhhhpibjhbnh/content_main.js:4846
[    4284ms] [LOG] JSHandle@node @ https://static.zhipin.com/zhipin-sign/v5312/static/js/vendors~app.daefb1ca.js:5
[    4284ms] [LOG] Sun Jul 19 2026 20:49:44 GMT+0800 (China Standard Time) @ https://static.zhipin.com/zhipin-sign/v5312/static/js/vendors~app.daefb1ca.js:5
[    4284ms] [LOG] ()=>{} @ https://static.zhipin.com/zhipin-sign/v5312/static/js/vendors~app.daefb1ca.js:5
[    4284ms] [TABLE] [Object, Object, Object, Object, Object, Object, Object, Object, Object, Object, Object, Object, Object, Object, Object, Object, Object, Object, Object, Object, Object, Object, Object, Object, Object, Object, Object, Object, Object, Object, Object, Object, Object, Object, Object, Object, Object, Object, Object, Object, Object, Object, Object, Object, Object, Object, Object, Object, Object, Object] @ https://static.zhipin.com/zhipin-sign/v5312/static/js/vendors~app.daefb1ca.js:5
[    4315ms] [LOG] [Object, Object, Object, Object, Object, Object, Object, Object, Object, Object, Object, Object, Object, Object, Object, Object, Object, Object, Object, Object, Object, Object, Object, Object, Object, Object, Object, Object, Object, Object, Object, Object, Object, Object, Object, Object, Object, Object, Object, Object, Object, Object, Object, Object, Object, Object, Object, Object, Object, Object] @ https://static.zhipin.com/zhipin-sign/v5312/static/js/vendors~app.daefb1ca.js:5
[    4785ms] [LOG] JSHandle@node @ https://static.zhipin.com/zhipin-sign/v5312/static/js/vendors~app.daefb1ca.js:5
[    4785ms] [LOG] Sun Jul 19 2026 20:49:44 GMT+0800 (China Standard Time) @ https://static.zhipin.com/zhipin-sign/v5312/static/js/vendors~app.daefb1ca.js:5
[    4785ms] [LOG] ()=>{} @ https://static.zhipin.com/zhipin-sign/v5312/static/js/vendors~app.daefb1ca.js:5
[    4785ms] [TABLE] [Object, Object, Object, Object, Object, Object, Object, Object, Object, Object, Object, Object, Object, Object, Object, Object, Object, Object, Object, Object, Object, Object, Object, Object, Object, Object, Object, Object, Object, Object, Object, Object, Object, Object, Object, Object, Object, Object, Object, Object, Object, Object, Object, Object, Object, Object, Object, Object, Object, Object] @ https://static.zhipin.com/zhipin-sign/v5312/static/js/vendors~app.daefb1ca.js:5
[    4815ms] [LOG] [Object, Object, Object, Object, Object, Object, Object, Object, Object, Object, Object, Object, Object, Object, Object, Object, Object, Object, Object, Object, Object, Object, Object, Object, Object, Object, Object, Object, Object, Object, Object, Object, Object, Object, Object, Object, Object, Object, Object, Object, Object, Object, Object, Object, Object, Object, Object, Object, Object, Object] @ https://static.zhipin.com/zhipin-sign/v5312/static/js/vendors~app.daefb1ca.js:5
[    5285ms] [LOG] JSHandle@node @ https://static.zhipin.com/zhipin-sign/v5312/static/js/vendors~app.daefb1ca.js:5
[    5285ms] [LOG] Sun Jul 19 2026 20:49:44 GMT+0800 (China Standard Time) @ https://static.zhipin.com/zhipin-sign/v5312/static/js/vendors~app.daefb1ca.js:5
[    5285ms] [LOG] ()=>{} @ https://static.zhipin.com/zhipin-sign/v5312/static/js/vendors~app.daefb1ca.js:5
[    5285ms] [TABLE] [Object, Object, Object, Object, Object, Object, Object, Object, Object, Object, Object, Object, Object, Object, Object, Object, Object, Object, Object, Object, Object, Object, Object, Object, Object, Object, Object, Object, Object, Object, Object, Object, Object, Object, Object, Object, Object, Object, Object, Object, Object, Object, Object, Object, Object, Object, Object, Object, Object, Object] @ https://static.zhipin.com/zhipin-sign/v5312/static/js/vendors~app.daefb1ca.js:5
[    5315ms] [LOG] [Object, Object, Object, Object, Object, Object, Object, Object, Object, Object, Object, Object, Object, Object, Object, Object, Object, Object, Object, Object, Object, Object, Object, Object, Object, Object, Object, Object, Object, Object, Object, Object, Object, Object, Object, Object, Object, Object, Object, Object, Object, Object, Object, Object, Object, Object, Object, Object, Object, Object] @ https://static.zhipin.com/zhipin-sign/v5312/static/js/vendors~app.daefb1ca.js:5
[    5315ms] [TABLE] [Object, Object, Object, Object, Object, Object, Object, Object, Object, Object, Object, Object, Object, Object, Object, Object, Object, Object, Object, Object, Object, Object, Object, Object, Object, Object, Object, Object, Object, Object, Object, Object, Object, Object, Object, Object, Object, Object, Object, Object, Object, Object, Object, Object, Object, Object, Object, Object, Object, Object] @ https://static.zhipin.com/zhipin-sign/v5312/static/js/vendors~app.daefb1ca.js:5
[    5344ms] [LOG] [Object, Object, Object, Object, Object, Object, Object, Object, Object, Object, Object, Object, Object, Object, Object, Object, Object, Object, Object, Object, Object, Object, Object, Object, Object, Object, Object, Object, Object, Object, Object, Object, Object, Object, Object, Object, Object, Object, Object, Object, Object, Object, Object, Object, Object, Object, Object, Object, Object, Object] @ https://static.zhipin.com/zhipin-sign/v5312/static/js/vendors~app.daefb1ca.js:5
[    5344ms] [TABLE] [Object, Object, Object, Object, Object, Object, Object, Object, Object, Object, Object, Object, Object, Object, Object, Object, Object, Object, Object, Object, Object, Object, Object, Object, Object, Object, Object, Object, Object, Object, Object, Object, Object, Object, Object, Object, Object, Object, Object, Object, Object, Object, Object, Object, Object, Object, Object, Object, Object, Object] @ https://static.zhipin.com/zhipin-sign/v5312/static/js/vendors~app.daefb1ca.js:5
[    5373ms] [LOG] [Object, Object, Object, Object, Object, Object, Object, Object, Object, Object, Object, Object, Object, Object, Object, Object, Object, Object, Object, Object, Object, Object, Object, Object, Object, Object, Object, Object, Object, Object, Object, Object, Object, Object, Object, Object, Object, Object, Object, Object, Object, Object, Object, Object, Object, Object, Object, Object, Object, Object] @ https://static.zhipin.com/zhipin-sign/v5312/static/js/vendors~app.daefb1ca.js:5
[    5373ms] [TABLE] [Object, Object, Object, Object, Object, Object, Object, Object, Object, Object, Object, Object, Object, Object, Object, Object, Object, Object, Object, Object, Object, Object, Object, Object, Object, Object, Object, Object, Object, Object, Object, Object, Object, Object, Object, Object, Object, Object, Object, Object, Object, Object, Object, Object, Object, Object, Object, Object, Object, Object] @ https://static.zhipin.com/zhipin-sign/v5312/static/js/vendors~app.daefb1ca.js:5
[    5405ms] [LOG] [Object, Object, Object, Object, Object, Object, Object, Object, Object, Object, Object, Object, Object, Object, Object, Object, Object, Object, Object, Object, Object, Object, Object, Object, Object, Object, Object, Object, Object, Object, Object, Object, Object, Object, Object, Object, Object, Object, Object, Object, Object, Object, Object, Object, Object, Object, Object, Object, Object, Object] @ https://static.zhipin.com/zhipin-sign/v5312/static/js/vendors~app.daefb1ca.js:5
