[     115ms] [LOG] %c数星埋点初始化成功 color: #00bebd @ https://www.zhipin.com/:130
[     802ms] [LOG] getAbData @ https://static.zhipin.com/zhipin-geek-seo/v5464/web/geek/js/main.js:0
[    2538ms] [LOG] %c数星埋点初始化成功 color: #00bebd @ https://www.zhipin.com/shenzhen/?seoRefer=index:130
[    2628ms] [LOG] getAbData @ https://static.zhipin.com/zhipin-geek-seo/v5464/web/geek/js/main.js:0
[    2999ms] [ERROR] Failed to load resource: net::ERR_CONNECTION_CLOSED @ https://hm.baidu.com/hm.js?194df3105ad7148dcf2b98a91b5e727a:0
[    5024ms] [LOG] %c数星埋点初始化成功 color: #00bebd @ https://www.zhipin.com/web/geek/recommend?ka=header-username:26
[    5436ms] [LOG] %c current is rspck版本 color: #00bebd @ https://static.zhipin.com/zhipin-geek-spa/web/v6707/static/js/app~0.cd1b9cbc.js:0
[    5863ms] [INFO] This page uses Chrome's Built-In AI features (LanguageDetector)! We're always improving our models; please submit your feedback here: https://issues.chromium.org/issues/new?component=1583316 @ chrome-extension://bpoadfkcbjbfhfodiogcnhhhpibjhbnh/content_main.js:4846
[    5976ms] [LOG] JSHandle@node @ https://static.zhipin.com/zhipin-geek-spa/web/v6707/static/js/vendor-1.b980027c.js:4
[    5977ms] [LOG] Sun Jul 19 2026 20:40:32 GMT+0800 (China Standard Time) @ https://static.zhipin.com/zhipin-geek-spa/web/v6707/static/js/vendor-1.b980027c.js:4
[    5977ms] [LOG] ()=>{} @ https://static.zhipin.com/zhipin-geek-spa/web/v6707/static/js/vendor-1.b980027c.js:4
[    5977ms] [TABLE] [Object, Object, Object, Object, Object, Object, Object, Object, Object, Object, Object, Object, Object, Object, Object, Object, Object, Object, Object, Object, Object, Object, Object, Object, Object, Object, Object, Object, Object, Object, Object, Object, Object, Object, Object, Object, Object, Object, Object, Object, Object, Object, Object, Object, Object, Object, Object, Object, Object, Object] @ https://static.zhipin.com/zhipin-geek-spa/web/v6707/static/js/vendor-1.b980027c.js:4
[    6008ms] [LOG] [Object, Object, Object, Object, Object, Object, Object, Object, Object, Object, Object, Object, Object, Object, Object, Object, Object, Object, Object, Object, Object, Object, Object, Object, Object, Object, Object, Object, Object, Object, Object, Object, Object, Object, Object, Object, Object, Object, Object, Object, Object, Object, Object, Object, Object, Object, Object, Object, Object, Object] @ https://static.zhipin.com/zhipin-geek-spa/web/v6707/static/js/vendor-1.b980027c.js:4
[    6432ms] [LOG] JSHandle@node @ https://static.zhipin.com/zhipin-geek-seo/v5447/web/geek/js/main.js:0
[    6432ms] [LOG] Sun Jul 19 2026 20:40:32 GMT+0800 (China Standard Time) @ https://static.zhipin.com/zhipin-geek-seo/v5447/web/geek/js/main.js:0
[    6432ms] [LOG] function(){} @ https://static.zhipin.com/zhipin-geek-seo/v5447/web/geek/js/main.js:0
[    6432ms] [TABLE] [Object, Object, Object, Object, Object, Object, Object, Object, Object, Object, Object, Object, Object, Object, Object, Object, Object, Object, Object, Object, Object, Object, Object, Object, Object, Object, Object, Object, Object, Object, Object, Object, Object, Object, Object, Object, Object, Object, Object, Object, Object, Object, Object, Object, Object, Object, Object, Object, Object, Object] @ https://static.zhipin.com/zhipin-geek-seo/v5447/web/geek/js/main.js:0
[    6463ms] [LOG] [Object, Object, Object, Object, Object, Object, Object, Object, Object, Object, Object, Object, Object, Object, Object, Object, Object, Object, Object, Object, Object, Object, Object, Object, Object, Object, Object, Object, Object, Object, Object, Object, Object, Object, Object, Object, Object, Object, Object, Object, Object, Object, Object, Object, Object, Object, Object, Object, Object, Object] @ https://static.zhipin.com/zhipin-geek-seo/v5447/web/geek/js/main.js:0
[    6471ms] [LOG] JSHandle@node @ https://static.zhipin.com/zhipin-geek-spa/web/v6707/static/js/vendor-1.b980027c.js:4
[    6471ms] [LOG] Sun Jul 19 2026 20:40:32 GMT+0800 (China Standard Time) @ https://static.zhipin.com/zhipin-geek-spa/web/v6707/static/js/vendor-1.b980027c.js:4
[    6471ms] [LOG] ()=>{} @ https://static.zhipin.com/zhipin-geek-spa/web/v6707/static/js/vendor-1.b980027c.js:4
[    6471ms] [TABLE] [Object, Object, Object, Object, Object, Object, Object, Object, Object, Object, Object, Object, Object, Object, Object, Object, Object, Object, Object, Object, Object, Object, Object, Object, Object, Object, Object, Object, Object, Object, Object, Object, Object, Object, Object, Object, Object, Object, Object, Object, Object, Object, Object, Object, Object, Object, Object, Object, Object, Object] @ https://static.zhipin.com/zhipin-geek-spa/web/v6707/static/js/vendor-1.b980027c.js:4
[    6502ms] [LOG] [Object, Object, Object, Object, Object, Object, Object, Object, Object, Object, Object, Object, Object, Object, Object, Object, Object, Object, Object, Object, Object, Object, Object, Object, Object, Object, Object, Object, Object, Object, Object, Object, Object, Object, Object, Object, Object, Object, Object, Object, Object, Object, Object, Object, Object, Object, Object, Object, Object, Object] @ https://static.zhipin.com/zhipin-geek-spa/web/v6707/static/js/vendor-1.b980027c.js:4
[    6933ms] [LOG] JSHandle@node @ https://static.zhipin.com/zhipin-geek-seo/v5447/web/geek/js/main.js:0
[    6933ms] [LOG] Sun Jul 19 2026 20:40:32 GMT+0800 (China Standard Time) @ https://static.zhipin.com/zhipin-geek-seo/v5447/web/geek/js/main.js:0
[    6933ms] [LOG] function(){} @ https://static.zhipin.com/zhipin-geek-seo/v5447/web/geek/js/main.js:0
[    6933ms] [TABLE] [Object, Object, Object, Object, Object, Object, Object, Object, Object, Object, Object, Object, Object, Object, Object, Object, Object, Object, Object, Object, Object, Object, Object, Object, Object, Object, Object, Object, Object, Object, Object, Object, Object, Object, Object, Object, Object, Object, Object, Object, Object, Object, Object, Object, Object, Object, Object, Object, Object, Object] @ https://static.zhipin.com/zhipin-geek-seo/v5447/web/geek/js/main.js:0
[    6963ms] [LOG] [Object, Object, Object, Object, Object, Object, Object, Object, Object, Object, Object, Object, Object, Object, Object, Object, Object, Object, Object, Object, Object, Object, Object, Object, Object, Object, Object, Object, Object, Object, Object, Object, Object, Object, Object, Object, Object, Object, Object, Object, Object, Object, Object, Object, Object, Object, Object, Object, Object, Object] @ https://static.zhipin.com/zhipin-geek-seo/v5447/web/geek/js/main.js:0
[    6964ms] [LOG] JSHandle@node @ https://static.zhipin.com/zhipin-geek-spa/web/v6707/static/js/vendor-1.b980027c.js:4
[    6964ms] [LOG] Sun Jul 19 2026 20:40:32 GMT+0800 (China Standard Time) @ https://static.zhipin.com/zhipin-geek-spa/web/v6707/static/js/vendor-1.b980027c.js:4
[    6964ms] [LOG] ()=>{} @ https://static.zhipin.com/zhipin-geek-spa/web/v6707/static/js/vendor-1.b980027c.js:4
[    6965ms] [TABLE] [Object, Object, Object, Object, Object, Object, Object, Object, Object, Object, Object, Object, Object, Object, Object, Object, Object, Object, Object, Object, Object, Object, Object, Object, Object, Object, Object, Object, Object, Object, Object, Object, Object, Object, Object, Object, Object, Object, Object, Object, Object, Object, Object, Object, Object, Object, Object, Object, Object, Object] @ https://static.zhipin.com/zhipin-geek-spa/web/v6707/static/js/vendor-1.b980027c.js:4
[    6995ms] [LOG] [Object, Object, Object, Object, Object, Object, Object, Object, Object, Object, Object, Object, Object, Object, Object, Object, Object, Object, Object, Object, Object, Object, Object, Object, Object, Object, Object, Object, Object, Object, Object, Object, Object, Object, Object, Object, Object, Object, Object, Object, Object, Object, Object, Object, Object, Object, Object, Object, Object, Object] @ https://static.zhipin.com/zhipin-geek-spa/web/v6707/static/js/vendor-1.b980027c.js:4
[    7448ms] [LOG] JSHandle@node @ https://static.zhipin.com/zhipin-geek-seo/v5447/web/geek/js/main.js:0
[    7448ms] [LOG] Sun Jul 19 2026 20:40:32 GMT+0800 (China Standard Time) @ https://static.zhipin.com/zhipin-geek-seo/v5447/web/geek/js/main.js:0
[    7448ms] [LOG] function(){} @ https://static.zhipin.com/zhipin-geek-seo/v5447/web/geek/js/main.js:0
[    7449ms] [TABLE] [Object, Object, Object, Object, Object, Object, Object, Object, Object, Object, Object, Object, Object, Object, Object, Object, Object, Object, Object, Object, Object, Object, Object, Object, Object, Object, Object, Object, Object, Object, Object, Object, Object, Object, Object, Object, Object, Object, Object, Object, Object, Object, Object, Object, Object, Object, Object, Object, Object, Object] @ https://static.zhipin.com/zhipin-geek-seo/v5447/web/geek/js/main.js:0
[    7479ms] [LOG] [Object, Object, Object, Object, Object, Object, Object, Object, Object, Object, Object, Object, Object, Object, Object, Object, Object, Object, Object, Object, Object, Object, Object, Object, Object, Object, Object, Object, Object, Object, Object, Object, Object, Object, Object, Object, Object, Object, Object, Object, Object, Object, Object, Object, Object, Object, Object, Object, Object, Object] @ https://static.zhipin.com/zhipin-geek-seo/v5447/web/geek/js/main.js:0
[    7482ms] [LOG] JSHandle@node @ https://static.zhipin.com/zhipin-geek-spa/web/v6707/static/js/vendor-1.b980027c.js:4
[    7482ms] [LOG] Sun Jul 19 2026 20:40:32 GMT+0800 (China Standard Time) @ https://static.zhipin.com/zhipin-geek-spa/web/v6707/static/js/vendor-1.b980027c.js:4
[    7482ms] [LOG] ()=>{} @ https://static.zhipin.com/zhipin-geek-spa/web/v6707/static/js/vendor-1.b980027c.js:4
[    7482ms] [TABLE] [Object, Object, Object, Object, Object, Object, Object, Object, Object, Object, Object, Object, Object, Object, Object, Object, Object, Object, Object, Object, Object, Object, Object, Object, Object, Object, Object, Object, Object, Object, Object, Object, Object, Object, Object, Object, Object, Object, Object, Object, Object, Object, Object, Object, Object, Object, Object, Object, Object, Object] @ https://static.zhipin.com/zhipin-geek-spa/web/v6707/static/js/vendor-1.b980027c.js:4
[    7512ms] [LOG] [Object, Object, Object, Object, Object, Object, Object, Object, Object, Object, Object, Object, Object, Object, Object, Object, Object, Object, Object, Object, Object, Object, Object, Object, Object, Object, Object, Object, Object, Object, Object, Object, Object, Object, Object, Object, Object, Object, Object, Object, Object, Object, Object, Object, Object, Object, Object, Object, Object, Object] @ https://static.zhipin.com/zhipin-geek-spa/web/v6707/static/js/vendor-1.b980027c.js:4
[    7934ms] [LOG] JSHandle@node @ https://static.zhipin.com/zhipin-geek-seo/v5447/web/geek/js/main.js:0
[    7934ms] [LOG] Sun Jul 19 2026 20:40:32 GMT+0800 (China Standard Time) @ https://static.zhipin.com/zhipin-geek-seo/v5447/web/geek/js/main.js:0
[    7934ms] [LOG] function(){} @ https://static.zhipin.com/zhipin-geek-seo/v5447/web/geek/js/main.js:0
[    7935ms] [TABLE] [Object, Object, Object, Object, Object, Object, Object, Object, Object, Object, Object, Object, Object, Object, Object, Object, Object, Object, Object, Object, Object, Object, Object, Object, Object, Object, Object, Object, Object, Object, Object, Object, Object, Object, Object, Object, Object, Object, Object, Object, Object, Object, Object, Object, Object, Object, Object, Object, Object, Object] @ https://static.zhipin.com/zhipin-geek-seo/v5447/web/geek/js/main.js:0
[    7965ms] [LOG] [Object, Object, Object, Object, Object, Object, Object, Object, Object, Object, Object, Object, Object, Object, Object, Object, Object, Object, Object, Object, Object, Object, Object, Object, Object, Object, Object, Object, Object, Object, Object, Object, Object, Object, Object, Object, Object, Object, Object, Object, Object, Object, Object, Object, Object, Object, Object, Object, Object, Object] @ https://static.zhipin.com/zhipin-geek-seo/v5447/web/geek/js/main.js:0
[    7974ms] [LOG] JSHandle@node @ https://static.zhipin.com/zhipin-geek-spa/web/v6707/static/js/vendor-1.b980027c.js:4
[    7974ms] [LOG] Sun Jul 19 2026 20:40:32 GMT+0800 (China Standard Time) @ https://static.zhipin.com/zhipin-geek-spa/web/v6707/static/js/vendor-1.b980027c.js:4
[    7974ms] [LOG] ()=>{} @ https://static.zhipin.com/zhipin-geek-spa/web/v6707/static/js/vendor-1.b980027c.js:4
[    7974ms] [TABLE] [Object, Object, Object, Object, Object, Object, Object, Object, Object, Object, Object, Object, Object, Object, Object, Object, Object, Object, Object, Object, Object, Object, Object, Object, Object, Object, Object, Object, Object, Object, Object, Object, Object, Object, Object, Object, Object, Object, Object, Object, Object, Object, Object, Object, Object, Object, Object, Object, Object, Object] @ https://static.zhipin.com/zhipin-geek-spa/web/v6707/static/js/vendor-1.b980027c.js:4
[    8008ms] [LOG] [Object, Object, Object, Object, Object, Object, Object, Object, Object, Object, Object, Object, Object, Object, Object, Object, Object, Object, Object, Object, Object, Object, Object, Object, Object, Object, Object, Object, Object, Object, Object, Object, Object, Object, Object, Object, Object, Object, Object, Object, Object, Object, Object, Object, Object, Object, Object, Object, Object, Object] @ https://static.zhipin.com/zhipin-geek-spa/web/v6707/static/js/vendor-1.b980027c.js:4
[    8522ms] [LOG] JSHandle@node @ https://static.zhipin.com/zhipin-geek-seo/v5447/web/geek/js/main.js:0
[    8522ms] [LOG] Sun Jul 19 2026 20:40:32 GMT+0800 (China Standard Time) @ https://static.zhipin.com/zhipin-geek-seo/v5447/web/geek/js/main.js:0
[    8522ms] [LOG] function(){} @ https://static.zhipin.com/zhipin-geek-seo/v5447/web/geek/js/main.js:0
[    8522ms] [TABLE] [Object, Object, Object, Object, Object, Object, Object, Object, Object, Object, Object, Object, Object, Object, Object, Object, Object, Object, Object, Object, Object, Object, Object, Object, Object, Object, Object, Object, Object, Object, Object, Object, Object, Object, Object, Object, Object, Object, Object, Object, Object, Object, Object, Object, Object, Object, Object, Object, Object, Object] @ https://static.zhipin.com/zhipin-geek-seo/v5447/web/geek/js/main.js:0
[    8552ms] [LOG] [Object, Object, Object, Object, Object, Object, Object, Object, Object, Object, Object, Object, Object, Object, Object, Object, Object, Object, Object, Object, Object, Object, Object, Object, Object, Object, Object, Object, Object, Object, Object, Object, Object, Object, Object, Object, Object, Object, Object, Object, Object, Object, Object, Object, Object, Object, Object, Object, Object, Object] @ https://static.zhipin.com/zhipin-geek-seo/v5447/web/geek/js/main.js:0
[    8553ms] [LOG] JSHandle@node @ https://static.zhipin.com/zhipin-geek-spa/web/v6707/static/js/vendor-1.b980027c.js:4
[    8553ms] [LOG] Sun Jul 19 2026 20:40:32 GMT+0800 (China Standard Time) @ https://static.zhipin.com/zhipin-geek-spa/web/v6707/static/js/vendor-1.b980027c.js:4
[    8553ms] [LOG] ()=>{} @ https://static.zhipin.com/zhipin-geek-spa/web/v6707/static/js/vendor-1.b980027c.js:4
[    8553ms] [TABLE] [Object, Object, Object, Object, Object, Object, Object, Object, Object, Object, Object, Object, Object, Object, Object, Object, Object, Object, Object, Object, Object, Object, Object, Object, Object, Object, Object, Object, Object, Object, Object, Object, Object, Object, Object, Object, Object, Object, Object, Object, Object, Object, Object, Object, Object, Object, Object, Object, Object, Object] @ https://static.zhipin.com/zhipin-geek-spa/web/v6707/static/js/vendor-1.b980027c.js:4
[    8582ms] [LOG] [Object, Object, Object, Object, Object, Object, Object, Object, Object, Object, Object, Object, Object, Object, Object, Object, Object, Object, Object, Object, Object, Object, Object, Object, Object, Object, Object, Object, Object, Object, Object, Object, Object, Object, Object, Object, Object, Object, Object, Object, Object, Object, Object, Object, Object, Object, Object, Object, Object, Object] @ https://static.zhipin.com/zhipin-geek-spa/web/v6707/static/js/vendor-1.b980027c.js:4
[    8781ms] [LOG] 1003 clearFieldDiagnosis-fieldCode @ https://static.zhipin.com/zhipin-geek-spa/web/v6707/static/js/resume~5.b9350cfb.js:0
[    8976ms] [LOG] JSHandle@node @ https://static.zhipin.com/zhipin-geek-seo/v5447/web/geek/js/main.js:0
[    8976ms] [LOG] Sun Jul 19 2026 20:40:32 GMT+0800 (China Standard Time) @ https://static.zhipin.com/zhipin-geek-seo/v5447/web/geek/js/main.js:0
[    8976ms] [LOG] function(){} @ https://static.zhipin.com/zhipin-geek-seo/v5447/web/geek/js/main.js:0
[    8976ms] [TABLE] [Object, Object, Object, Object, Object, Object, Object, Object, Object, Object, Object, Object, Object, Object, Object, Object, Object, Object, Object, Object, Object, Object, Object, Object, Object, Object, Object, Object, Object, Object, Object, Object, Object, Object, Object, Object, Object, Object, Object, Object, Object, Object, Object, Object, Object, Object, Object, Object, Object, Object] @ https://static.zhipin.com/zhipin-geek-seo/v5447/web/geek/js/main.js:0
[    9007ms] [LOG] [Object, Object, Object, Object, Object, Object, Object, Object, Object, Object, Object, Object, Object, Object, Object, Object, Object, Object, Object, Object, Object, Object, Object, Object, Object, Object, Object, Object, Object, Object, Object, Object, Object, Object, Object, Object, Object, Object, Object, Object, Object, Object, Object, Object, Object, Object, Object, Object, Object, Object] @ https://static.zhipin.com/zhipin-geek-seo/v5447/web/geek/js/main.js:0
[    9007ms] [TABLE] [Object, Object, Object, Object, Object, Object, Object, Object, Object, Object, Object, Object, Object, Object, Object, Object, Object, Object, Object, Object, Object, Object, Object, Object, Object, Object, Object, Object, Object, Object, Object, Object, Object, Object, Object, Object, Object, Object, Object, Object, Object, Object, Object, Object, Object, Object, Object, Object, Object, Object] @ https://static.zhipin.com/zhipin-geek-seo/v5447/web/geek/js/main.js:0
[    9037ms] [LOG] [Object, Object, Object, Object, Object, Object, Object, Object, Object, Object, Object, Object, Object, Object, Object, Object, Object, Object, Object, Object, Object, Object, Object, Object, Object, Object, Object, Object, Object, Object, Object, Object, Object, Object, Object, Object, Object, Object, Object, Object, Object, Object, Object, Object, Object, Object, Object, Object, Object, Object] @ https://static.zhipin.com/zhipin-geek-seo/v5447/web/geek/js/main.js:0
[    9037ms] [TABLE] [Object, Object, Object, Object, Object, Object, Object, Object, Object, Object, Object, Object, Object, Object, Object, Object, Object, Object, Object, Object, Object, Object, Object, Object, Object, Object, Object, Object, Object, Object, Object, Object, Object, Object, Object, Object, Object, Object, Object, Object, Object, Object, Object, Object, Object, Object, Object, Object, Object, Object] @ https://static.zhipin.com/zhipin-geek-seo/v5447/web/geek/js/main.js:0
[    9068ms] [LOG] [Object, Object, Object, Object, Object, Object, Object, Object, Object, Object, Object, Object, Object, Object, Object, Object, Object, Object, Object, Object, Object, Object, Object, Object, Object, Object, Object, Object, Object, Object, Object, Object, Object, Object, Object, Object, Object, Object, Object, Object, Object, Object, Object, Object, Object, Object, Object, Object, Object, Object] @ https://static.zhipin.com/zhipin-geek-seo/v5447/web/geek/js/main.js:0
[    9068ms] [TABLE] [Object, Object, Object, Object, Object, Object, Object, Object, Object, Object, Object, Object, Object, Object, Object, Object, Object, Object, Object, Object, Object, Object, Object, Object, Object, Object, Object, Object, Object, Object, Object, Object, Object, Object, Object, Object, Object, Object, Object, Object, Object, Object, Object, Object, Object, Object, Object, Object, Object, Object] @ https://static.zhipin.com/zhipin-geek-seo/v5447/web/geek/js/main.js:0
[    9097ms] [LOG] [Object, Object, Object, Object, Object, Object, Object, Object, Object, Object, Object, Object, Object, Object, Object, Object, Object, Object, Object, Object, Object, Object, Object, Object, Object, Object, Object, Object, Object, Object, Object, Object, Object, Object, Object, Object, Object, Object, Object, Object, Object, Object, Object, Object, Object, Object, Object, Object, Object, Object] @ https://static.zhipin.com/zhipin-geek-seo/v5447/web/geek/js/main.js:0
[    9101ms] [LOG] JSHandle@node @ https://static.zhipin.com/zhipin-geek-spa/web/v6707/static/js/vendor-1.b980027c.js:4
[    9101ms] [LOG] Sun Jul 19 2026 20:40:32 GMT+0800 (China Standard Time) @ https://static.zhipin.com/zhipin-geek-spa/web/v6707/static/js/vendor-1.b980027c.js:4
[    9101ms] [LOG] ()=>{} @ https://static.zhipin.com/zhipin-geek-spa/web/v6707/static/js/vendor-1.b980027c.js:4
[    9101ms] [TABLE] [Object, Object, Object, Object, Object, Object, Object, Object, Object, Object, Object, Object, Object, Object, Object, Object, Object, Object, Object, Object, Object, Object, Object, Object, Object, Object, Object, Object, Object, Object, Object, Object, Object, Object, Object, Object, Object, Object, Object, Object, Object, Object, Object, Object, Object, Object, Object, Object, Object, Object] @ https://static.zhipin.com/zhipin-geek-spa/web/v6707/static/js/vendor-1.b980027c.js:4
[    9131ms] [LOG] [Object, Object, Object, Object, Object, Object, Object, Object, Object, Object, Object, Object, Object, Object, Object, Object, Object, Object, Object, Object, Object, Object, Object, Object, Object, Object, Object, Object, Object, Object, Object, Object, Object, Object, Object, Object, Object, Object, Object, Object, Object, Object, Object, Object, Object, Object, Object, Object, Object, Object] @ https://static.zhipin.com/zhipin-geek-spa/web/v6707/static/js/vendor-1.b980027c.js:4
