[ -462750ms] [INFO] This page uses Chrome's Built-In AI features (LanguageDetector)! We're always improving our models; please submit your feedback here: https://issues.chromium.org/issues/new?component=1583316 @ chrome-extension://bpoadfkcbjbfhfodiogcnhhhpibjhbnh/content_main.js:4846
[-2367983ms] [LOG] receiveIq************* h @ https://static.zhipin.com/fe-zhipin-geek/web/chat-new/v5506/static/js/app.3845986d.js:1
[ -583516ms] [ERROR] Failed to load resource: net::ERR_CONNECTION_CLOSED @ https://hm.baidu.com/hm.js?98beee57fd2ef70ccdd5ca52b9740c49:0
[-2323244ms] [LOG] receiveIq************* h @ https://static.zhipin.com/fe-zhipin-geek/web/chat-new/v5506/static/js/app.3845986d.js:1
[ -583225ms] [ERROR] Failed to load resource: net::ERR_BLOCKED_BY_CLIENT @ https://www.zhihu.com/commercial_api/banners_v3/home_up:0
[-2312787ms] [LOG] receiveIq************* h @ https://static.zhipin.com/fe-zhipin-geek/web/chat-new/v5506/static/js/app.3845986d.js:1
[ -583224ms] [ERROR] Failed to load resource: net::ERR_BLOCKED_BY_CLIENT @ https://www.zhihu.com/commercial_api/banners_v3/pc_top_banner?:0
[-2310630ms] [LOG] receiveIq************* h @ https://static.zhipin.com/fe-zhipin-geek/web/chat-new/v5506/static/js/app.3845986d.js:1
[ -583224ms] [ERROR] Failed to load resource: net::ERR_BLOCKED_BY_CLIENT @ https://www.zhihu.com/commercial_api/banners_v3/pc_right_banner?:0
[-2306161ms] [LOG] receiveIq************* h @ https://static.zhipin.com/fe-zhipin-geek/web/chat-new/v5506/static/js/app.3845986d.js:1
[ -582611ms] [ERROR] Failed to load resource: the server responded with a status of 429 () @ https://crash2.zhihu.com/api/1224/store/?sentry_version=7&sentry_client=raven-js%2F3.24.0&sentry_key=2d8d764432cc4f6fb3bc78ab9528299d:0
[-2304727ms] [LOG] receiveIq************* h @ https://static.zhipin.com/fe-zhipin-geek/web/chat-new/v5506/static/js/app.3845986d.js:1
[ -582454ms] [ERROR] Access to XMLHttpRequest at 'https://118.89.204.198/resolv?host=www.zhihu.com&os_type=web' from origin 'https://www.zhihu.com' has been blocked by CORS policy: No 'Access-Control-Allow-Origin' header is present on the requested resource. @ https://www.zhihu.com/:0
[-2303571ms] [LOG] receiveIq************* h @ https://static.zhipin.com/fe-zhipin-geek/web/chat-new/v5506/static/js/app.3845986d.js:1
[ -582454ms] [ERROR] Failed to load resource: net::ERR_FAILED @ https://118.89.204.198/resolv?host=www.zhihu.com&os_type=web:0
[-2303521ms] [LOG] receiveIq************* h @ https://static.zhipin.com/fe-zhipin-geek/web/chat-new/v5506/static/js/app.3845986d.js:1
[ -582355ms] [INFO] This page uses Chrome's Built-In AI features (LanguageDetector)! We're always improving our models; please submit your feedback here: https://issues.chromium.org/issues/new?component=1583316 @ chrome-extension://bpoadfkcbjbfhfodiogcnhhhpibjhbnh/content_main.js:4846
[-2303026ms] [LOG] receiveIq************* h @ https://static.zhipin.com/fe-zhipin-geek/web/chat-new/v5506/static/js/app.3845986d.js:1
[ -582306ms] [ERROR] Failed to load resource: net::ERR_BLOCKED_BY_CLIENT @ https://www.zhihu.com/commercial_api/banners_v3/home_bottom:0
[-2302798ms] [LOG] receiveIq************* h @ https://static.zhipin.com/fe-zhipin-geek/web/chat-new/v5506/static/js/app.3845986d.js:1
[  -81752ms] [ERROR] WebSocket connection to 'wss://mqtt-web.zhihu.com/mqtt?client_info=OS%3DWeb&user_group=zhihu_web' failed:  @ https://static.zhihu.com/heifetz/chunks/lib-74f62c79.f945c58fd5a13abc809e.js:10
[-2301927ms] [LOG] receiveIq************* h @ https://static.zhipin.com/fe-zhipin-geek/web/chat-new/v5506/static/js/app.3845986d.js:1
[ -583305ms] [LOG] %c知乎 ฅ՞•ﻌ•՞ฅ color:#1772F6;font-weight:bold;font-size:6em;padding:10px 30px;text-shadow:0.7px -1px 0 rgb(255 255 255 / 100%),1.4px -2px 0 rgb(255 255 255 / 96%),2.0999999999999996px -3px 0 rgb(255 255 255 / 92%),2.8px -4px 0 rgb(255 255 255 / 88%),-1px 1px 2px rgb(0 0 0 / 70%),-2px 2px 4px rgb(0 0 0 / 70%),-3px 3px 6px rgb(0 0 0 / 70%);background: linear-gradient(to right top,oklab(58.2% -0.04 -0.21),oklab(58.2% -0.376 -0.21)); @ https://static.zhihu.com/heifetz/main.app.0d90fcca7d0bc7b61aa5.js:0
[-1213080ms] [LOG] %conConnectionLost(message): font-weight:bold;color:#ff0000; @ https://static.zhipin.com/fe-zhipin-geek/web/chat-new/v5506/static/js/app.3845986d.js:1
[ -583305ms] [LOG] 加入知乎 https://s.zhihu.com/BDXoD @ https://static.zhihu.com/heifetz/main.app.0d90fcca7d0bc7b61aa5.js:0
[-1213080ms] [LOG] AMQJS0008I Socket closed. @ https://static.zhipin.com/fe-zhipin-geek/web/chat-new/v5506/static/js/app.3845986d.js:1
[ -583225ms] [ERROR] TypeError: Failed to fetch
    at eD (https://static.zhihu.com/heifetz/479.app.d33be5c23176c6688c1f.js:76:145926)
    at eo.loadBannerRequest (https://static.zhihu.com/heifetz/479.app.d33be5c23176c6688c1f.js:76:59199)
    at eo.load (https://static.zhihu.com/heifetz/479.app.d33be5c23176c6688c1f.js:76:60337)
    at eo.value (https://static.zhihu.com/heifetz/479.app.d33be5c23176c6688c1f.js:76:62197)
    at Bj (https://static.zhihu.com/event/react-dom@17.0.2/umd/react-dom.production.min.js:144:273)
    at Qj (https://static.zhihu.com/event/react-dom@17.0.2/umd/react-dom.production.min.js:176:361)
    at unstable_runWithPriority (https://static.zhihu.com/event/react@17.0.2/umd/react.production.min.js:24:26)
    at Za (https://static.zhihu.com/event/react-dom@17.0.2/umd/react-dom.production.min.js:73:8)
    at eb (https://static.zhihu.com/event/react-dom@17.0.2/umd/react-dom.production.min.js:170:163)
    at gf (https://static.zhihu.com/event/react-dom@17.0.2/umd/react-dom.production.min.js:162:317) @ chrome-extension://fmkadmapgofadopljbjfkapdkoienihi/build/installHook.js:0
[-1211991ms] [LOG] %conConnectionLost(message): font-weight:bold;color:#ff0000; @ https://static.zhipin.com/fe-zhipin-geek/web/chat-new/v5506/static/js/app.3845986d.js:1
[ -583224ms] [ERROR] TypeError: Failed to fetch
    at eM (https://static.zhihu.com/heifetz/479.app.d33be5c23176c6688c1f.js:76:146181)
    at https://static.zhihu.com/heifetz/479.app.d33be5c23176c6688c1f.js:76:82140
    at https://static.zhihu.com/heifetz/479.app.d33be5c23176c6688c1f.js:76:82252
    at Tj (https://static.zhihu.com/event/react-dom@17.0.2/umd/react-dom.production.min.js:179:399)
    at unstable_runWithPriority (https://static.zhihu.com/event/react@17.0.2/umd/react.production.min.js:24:26)
    at Za (https://static.zhihu.com/event/react-dom@17.0.2/umd/react-dom.production.min.js:73:8)
    at Ra (https://static.zhihu.com/event/react-dom@17.0.2/umd/react-dom.production.min.js:178:368)
    at gf (https://static.zhihu.com/event/react-dom@17.0.2/umd/react-dom.production.min.js:161:497)
    at https://static.zhihu.com/event/react-dom@17.0.2/umd/react-dom.production.min.js:73:230
    at unstable_runWithPriority (https://static.zhihu.com/event/react@17.0.2/umd/react.production.min.js:24:26) @ chrome-extension://fmkadmapgofadopljbjfkapdkoienihi/build/installHook.js:0
[-1211991ms] [LOG] AMQJS0008I Socket closed. @ https://static.zhipin.com/fe-zhipin-geek/web/chat-new/v5506/static/js/app.3845986d.js:1
[ -583224ms] [ERROR] TypeError: Failed to fetch
    at eM (https://static.zhihu.com/heifetz/479.app.d33be5c23176c6688c1f.js:76:146181)
    at https://static.zhihu.com/heifetz/479.app.d33be5c23176c6688c1f.js:76:83540
    at https://static.zhihu.com/heifetz/479.app.d33be5c23176c6688c1f.js:76:83654
    at Tj (https://static.zhihu.com/event/react-dom@17.0.2/umd/react-dom.production.min.js:179:399)
    at unstable_runWithPriority (https://static.zhihu.com/event/react@17.0.2/umd/react.production.min.js:24:26)
    at Za (https://static.zhihu.com/event/react-dom@17.0.2/umd/react-dom.production.min.js:73:8)
    at Ra (https://static.zhihu.com/event/react-dom@17.0.2/umd/react-dom.production.min.js:178:368)
    at gf (https://static.zhihu.com/event/react-dom@17.0.2/umd/react-dom.production.min.js:161:497)
    at https://static.zhihu.com/event/react-dom@17.0.2/umd/react-dom.production.min.js:73:230
    at unstable_runWithPriority (https://static.zhihu.com/event/react@17.0.2/umd/react.production.min.js:24:26) @ chrome-extension://fmkadmapgofadopljbjfkapdkoienihi/build/installHook.js:0
[-1211147ms] [LOG] %conConnectionLost(message): font-weight:bold;color:#ff0000; @ https://static.zhipin.com/fe-zhipin-geek/web/chat-new/v5506/static/js/app.3845986d.js:1
[ -582836ms] [LOG] [INFO] [Zhida: WebView] [Theme Web] pull theme from RN @ https://unpkg.zhimg.com/@cfe/sentry-script@1.3.1/dist/init.js:0
[-1211147ms] [LOG] AMQJS0008I Socket closed. @ https://static.zhipin.com/fe-zhipin-geek/web/chat-new/v5506/static/js/app.3845986d.js:1
[ -582836ms] [WARNING] MMKV not available, fallback @ chrome-extension://fmkadmapgofadopljbjfkapdkoienihi/build/installHook.js:0
[ -582806ms] [WARNING] MMKV not available, fallback @ chrome-extension://fmkadmapgofadopljbjfkapdkoienihi/build/installHook.js:0
[ -582665ms] [ERROR] 加载WebView模块失败: TypeError: r is not a function
    at Object.NnQt (https://static.zhihu.com/amadeus-rn/web/shared-07e3b8d7f3535a74.27b5d0733be204ff.js:1:7886)
    at r (https://www.zhihu.com/appview/rn/ModuleFederation.js:1:248)
    at 16Ih (https://static.zhihu.com/amadeus-rn/web/shared-07e3b8d7f3535a74.27b5d0733be204ff.js:1:7733)
    at r (https://www.zhihu.com/appview/rn/ModuleFederation.js:1:248)
    at /URq (https://static.zhihu.com/amadeus-rn/web/shared-07e3b8d7f3535a74.27b5d0733be204ff.js:1:9929)
    at r (https://www.zhihu.com/appview/rn/ModuleFederation.js:1:248)
    at Module.uIxh (https://static.zhihu.com/amadeus-rn/web/shared-07e3b8d7f3535a74.27b5d0733be204ff.js:1:16342)
    at r (https://www.zhihu.com/appview/rn/ModuleFederation.js:1:248)
    at Module.neyw (https://static.zhihu.com/amadeus-rn/web/shared-07e3b8d7f3535a74.27b5d0733be204ff.js:1:30064)
    at r (https://www.zhihu.com/appview/rn/ModuleFederation.js:1:248)
    at +5TC (https://static.zhihu.com/amadeus-rn/web/shared-07e3b8d7f3535a74.27b5d0733be204ff.js:1:274400)
    at r (https://www.zhihu.com/appview/rn/ModuleFederation.js:1:248)
    at Module.a2Ca (https://static.zhihu.com/amadeus-rn/web/shared-07e3b8d7f3535a74.27b5d0733be204ff.js:1:271435)
    at r (https://www.zhihu.com/appview/rn/ModuleFederation.js:1:248)
    at 2G2G (https://static.zhihu.com/amadeus-rn/web/shared-07e3b8d7f3535a74.27b5d0733be204ff.js:1:273753)
    at r (https://www.zhihu.com/appview/rn/ModuleFederation.js:1:248)
    at Module.v2E4 (https://static.zhihu.com/amadeus-rn/web/shared-07e3b8d7f3535a74.27b5d0733be204ff.js:1:175748)
    at r (https://www.zhihu.com/appview/rn/ModuleFederation.js:1:248)
    at 7k+8 (https://static.zhihu.com/amadeus-rn/web/shared-07e3b8d7f3535a74.27b5d0733be204ff.js:1:336247)
    at r (https://www.zhihu.com/appview/rn/ModuleFederation.js:1:248)
    at Module.tb3p (https://static.zhihu.com/amadeus-rn/web/shared-07e3b8d7f3535a74.27b5d0733be204ff.js:1:369521)
    at r (https://www.zhihu.com/appview/rn/ModuleFederation.js:1:248)
    at Og+B (https://static.zhihu.com/amadeus-rn/web/node_modules_zhihu_design-icons_native_ArrowRight16_jsx-node_modules_zhihu_design-icons_nativ-09d112.12a5de6f950ce5f0.js:1:22268)
    at r (https://www.zhihu.com/appview/rn/ModuleFederation.js:1:248)
    at https://www.zhihu.com/appview/rn/ModuleFederation.js:1:19797
    at https://static.zhihu.com/heifetz/lib-fae4f1f9.app.2a53c780e75bf169b2e0.js:1:5248
    at eh (https://static.zhihu.com/heifetz/479.app.d33be5c23176c6688c1f.js:84:374339)
    at Object.next (https://static.zhihu.com/heifetz/479.app.d33be5c23176c6688c1f.js:84:373545)
    at eu (https://static.zhihu.com/heifetz/479.app.d33be5c23176c6688c1f.js:84:93970)
    at ep (https://static.zhihu.com/heifetz/479.app.d33be5c23176c6688c1f.js:84:94191) @ chrome-extension://fmkadmapgofadopljbjfkapdkoienihi/build/installHook.js:0
[ -582306ms] [ERROR] TypeError: Failed to fetch
    at https://unpkg.zhimg.com/@cfe/sentry-script@1.3.1/dist/init.js:1:28507
    at eD (https://static.zhihu.com/heifetz/479.app.d33be5c23176c6688c1f.js:76:145926)
    at eo.loadBannerRequest (https://static.zhihu.com/heifetz/479.app.d33be5c23176c6688c1f.js:76:59199)
    at https://static.zhihu.com/heifetz/479.app.d33be5c23176c6688c1f.js:76:60307 @ chrome-extension://fmkadmapgofadopljbjfkapdkoienihi/build/installHook.js:0
[ 1178247ms] [ERROR] WebSocket connection to 'wss://mqtt-web.zhihu.com/mqtt?client_info=OS%3DWeb&user_group=zhihu_web' failed:  @ https://static.zhihu.com/heifetz/chunks/lib-74f62c79.f945c58fd5a13abc809e.js:10
[ 1718255ms] [ERROR] WebSocket connection to 'wss://mqtt-web.zhihu.com/mqtt?client_info=OS%3DWeb&user_group=zhihu_web' failed:  @ https://static.zhihu.com/heifetz/chunks/lib-74f62c79.f945c58fd5a13abc809e.js:10
