[     131ms] [LOG] %c数星埋点初始化成功 color: #00bebd @ https://www.zhipin.com/job_detail/a0ce5e74f3362d5903183Nq_F1VQ.html?pk=cpc_job_index_shenzhen&ka=rcmd_list_job_1&lid=6eaf6966-be29-4781-8782-7a37cb7b8c18.f1:common.eyJzZXNzaW9uSWQiOiJhNjhlNDdmNi0yZjhjLTQ0MmEtOTNhNC0xMTRlNTk2ODQwMjAiLCJyY2RCelR5cGUiOiJmMV9ncmNkIn0.2&sessionId=a68e47f6-2f8c-442a-93a4-114e59684020:131
[     270ms] [LOG] getAbData @ https://static.zhipin.com/zhipin-geek-seo/v5464/web/geek/js/main.js:0
[     401ms] [ERROR] Failed to load resource: net::ERR_CONNECTION_CLOSED @ https://hm.baidu.com/hm.js?194df3105ad7148dcf2b98a91b5e727a:0
[     891ms] [LOG] JSHandle@node @ https://static.zhipin.com/zhipin-geek-seo/v5464/web/geek/js/main.js:0
[     891ms] [LOG] Sun Jul 19 2026 20:43:19 GMT+0800 (China Standard Time) @ https://static.zhipin.com/zhipin-geek-seo/v5464/web/geek/js/main.js:0
[     891ms] [LOG] function(){} @ https://static.zhipin.com/zhipin-geek-seo/v5464/web/geek/js/main.js:0
[     891ms] [TABLE] [Object, Object, Object, Object, Object, Object, Object, Object, Object, Object, Object, Object, Object, Object, Object, Object, Object, Object, Object, Object, Object, Object, Object, Object, Object, Object, Object, Object, Object, Object, Object, Object, Object, Object, Object, Object, Object, Object, Object, Object, Object, Object, Object, Object, Object, Object, Object, Object, Object, Object] @ https://static.zhipin.com/zhipin-geek-seo/v5464/web/geek/js/main.js:0
[     929ms] [LOG] [Object, Object, Object, Object, Object, Object, Object, Object, Object, Object, Object, Object, Object, Object, Object, Object, Object, Object, Object, Object, Object, Object, Object, Object, Object, Object, Object, Object, Object, Object, Object, Object, Object, Object, Object, Object, Object, Object, Object, Object, Object, Object, Object, Object, Object, Object, Object, Object, Object, Object] @ https://static.zhipin.com/zhipin-geek-seo/v5464/web/geek/js/main.js:0
[    1064ms] [INFO] This page uses Chrome's Built-In AI features (LanguageDetector)! We're always improving our models; please submit your feedback here: https://issues.chromium.org/issues/new?component=1583316 @ chrome-extension://bpoadfkcbjbfhfodiogcnhhhpibjhbnh/content_main.js:4846
[    3197ms] [LOG] JSHandle@node @ https://static.zhipin.com/zhipin-geek-seo/v5464/web/geek/js/main.js:0
[    3197ms] [LOG] Sun Jul 19 2026 20:43:19 GMT+0800 (China Standard Time) @ https://static.zhipin.com/zhipin-geek-seo/v5464/web/geek/js/main.js:0
[    3198ms] [LOG] function(){} @ https://static.zhipin.com/zhipin-geek-seo/v5464/web/geek/js/main.js:0
[    3198ms] [TABLE] [Object, Object, Object, Object, Object, Object, Object, Object, Object, Object, Object, Object, Object, Object, Object, Object, Object, Object, Object, Object, Object, Object, Object, Object, Object, Object, Object, Object, Object, Object, Object, Object, Object, Object, Object, Object, Object, Object, Object, Object, Object, Object, Object, Object, Object, Object, Object, Object, Object, Object] @ https://static.zhipin.com/zhipin-geek-seo/v5464/web/geek/js/main.js:0
[    3232ms] [LOG] [Object, Object, Object, Object, Object, Object, Object, Object, Object, Object, Object, Object, Object, Object, Object, Object, Object, Object, Object, Object, Object, Object, Object, Object, Object, Object, Object, Object, Object, Object, Object, Object, Object, Object, Object, Object, Object, Object, Object, Object, Object, Object, Object, Object, Object, Object, Object, Object, Object, Object] @ https://static.zhipin.com/zhipin-geek-seo/v5464/web/geek/js/main.js:0
[    3700ms] [LOG] JSHandle@node @ https://static.zhipin.com/zhipin-geek-seo/v5464/web/geek/js/main.js:0
[    3700ms] [LOG] Sun Jul 19 2026 20:43:19 GMT+0800 (China Standard Time) @ https://static.zhipin.com/zhipin-geek-seo/v5464/web/geek/js/main.js:0
[    3700ms] [LOG] function(){} @ https://static.zhipin.com/zhipin-geek-seo/v5464/web/geek/js/main.js:0
[    3700ms] [TABLE] [Object, Object, Object, Object, Object, Object, Object, Object, Object, Object, Object, Object, Object, Object, Object, Object, Object, Object, Object, Object, Object, Object, Object, Object, Object, Object, Object, Object, Object, Object, Object, Object, Object, Object, Object, Object, Object, Object, Object, Object, Object, Object, Object, Object, Object, Object, Object, Object, Object, Object] @ https://static.zhipin.com/zhipin-geek-seo/v5464/web/geek/js/main.js:0
[    3732ms] [LOG] [Object, Object, Object, Object, Object, Object, Object, Object, Object, Object, Object, Object, Object, Object, Object, Object, Object, Object, Object, Object, Object, Object, Object, Object, Object, Object, Object, Object, Object, Object, Object, Object, Object, Object, Object, Object, Object, Object, Object, Object, Object, Object, Object, Object, Object, Object, Object, Object, Object, Object] @ https://static.zhipin.com/zhipin-geek-seo/v5464/web/geek/js/main.js:0
[    4201ms] [LOG] JSHandle@node @ https://static.zhipin.com/zhipin-geek-seo/v5464/web/geek/js/main.js:0
[    4201ms] [LOG] Sun Jul 19 2026 20:43:19 GMT+0800 (China Standard Time) @ https://static.zhipin.com/zhipin-geek-seo/v5464/web/geek/js/main.js:0
[    4201ms] [LOG] function(){} @ https://static.zhipin.com/zhipin-geek-seo/v5464/web/geek/js/main.js:0
[    4201ms] [TABLE] [Object, Object, Object, Object, Object, Object, Object, Object, Object, Object, Object, Object, Object, Object, Object, Object, Object, Object, Object, Object, Object, Object, Object, Object, Object, Object, Object, Object, Object, Object, Object, Object, Object, Object, Object, Object, Object, Object, Object, Object, Object, Object, Object, Object, Object, Object, Object, Object, Object, Object] @ https://static.zhipin.com/zhipin-geek-seo/v5464/web/geek/js/main.js:0
[    4233ms] [LOG] [Object, Object, Object, Object, Object, Object, Object, Object, Object, Object, Object, Object, Object, Object, Object, Object, Object, Object, Object, Object, Object, Object, Object, Object, Object, Object, Object, Object, Object, Object, Object, Object, Object, Object, Object, Object, Object, Object, Object, Object, Object, Object, Object, Object, Object, Object, Object, Object, Object, Object] @ https://static.zhipin.com/zhipin-geek-seo/v5464/web/geek/js/main.js:0
[    4702ms] [LOG] JSHandle@node @ https://static.zhipin.com/zhipin-geek-seo/v5464/web/geek/js/main.js:0
[    4702ms] [LOG] Sun Jul 19 2026 20:43:19 GMT+0800 (China Standard Time) @ https://static.zhipin.com/zhipin-geek-seo/v5464/web/geek/js/main.js:0
[    4702ms] [LOG] function(){} @ https://static.zhipin.com/zhipin-geek-seo/v5464/web/geek/js/main.js:0
[    4702ms] [TABLE] [Object, Object, Object, Object, Object, Object, Object, Object, Object, Object, Object, Object, Object, Object, Object, Object, Object, Object, Object, Object, Object, Object, Object, Object, Object, Object, Object, Object, Object, Object, Object, Object, Object, Object, Object, Object, Object, Object, Object, Object, Object, Object, Object, Object, Object, Object, Object, Object, Object, Object] @ https://static.zhipin.com/zhipin-geek-seo/v5464/web/geek/js/main.js:0
[    4733ms] [LOG] [Object, Object, Object, Object, Object, Object, Object, Object, Object, Object, Object, Object, Object, Object, Object, Object, Object, Object, Object, Object, Object, Object, Object, Object, Object, Object, Object, Object, Object, Object, Object, Object, Object, Object, Object, Object, Object, Object, Object, Object, Object, Object, Object, Object, Object, Object, Object, Object, Object, Object] @ https://static.zhipin.com/zhipin-geek-seo/v5464/web/geek/js/main.js:0
[    5203ms] [LOG] JSHandle@node @ https://static.zhipin.com/zhipin-geek-seo/v5464/web/geek/js/main.js:0
[    5203ms] [LOG] Sun Jul 19 2026 20:43:19 GMT+0800 (China Standard Time) @ https://static.zhipin.com/zhipin-geek-seo/v5464/web/geek/js/main.js:0
[    5203ms] [LOG] function(){} @ https://static.zhipin.com/zhipin-geek-seo/v5464/web/geek/js/main.js:0
[    5203ms] [TABLE] [Object, Object, Object, Object, Object, Object, Object, Object, Object, Object, Object, Object, Object, Object, Object, Object, Object, Object, Object, Object, Object, Object, Object, Object, Object, Object, Object, Object, Object, Object, Object, Object, Object, Object, Object, Object, Object, Object, Object, Object, Object, Object, Object, Object, Object, Object, Object, Object, Object, Object] @ https://static.zhipin.com/zhipin-geek-seo/v5464/web/geek/js/main.js:0
[    5233ms] [LOG] [Object, Object, Object, Object, Object, Object, Object, Object, Object, Object, Object, Object, Object, Object, Object, Object, Object, Object, Object, Object, Object, Object, Object, Object, Object, Object, Object, Object, Object, Object, Object, Object, Object, Object, Object, Object, Object, Object, Object, Object, Object, Object, Object, Object, Object, Object, Object, Object, Object, Object] @ https://static.zhipin.com/zhipin-geek-seo/v5464/web/geek/js/main.js:0
[    5704ms] [LOG] JSHandle@node @ https://static.zhipin.com/zhipin-geek-seo/v5464/web/geek/js/main.js:0
[    5704ms] [LOG] Sun Jul 19 2026 20:43:19 GMT+0800 (China Standard Time) @ https://static.zhipin.com/zhipin-geek-seo/v5464/web/geek/js/main.js:0
[    5704ms] [LOG] function(){} @ https://static.zhipin.com/zhipin-geek-seo/v5464/web/geek/js/main.js:0
[    5704ms] [TABLE] [Object, Object, Object, Object, Object, Object, Object, Object, Object, Object, Object, Object, Object, Object, Object, Object, Object, Object, Object, Object, Object, Object, Object, Object, Object, Object, Object, Object, Object, Object, Object, Object, Object, Object, Object, Object, Object, Object, Object, Object, Object, Object, Object, Object, Object, Object, Object, Object, Object, Object] @ https://static.zhipin.com/zhipin-geek-seo/v5464/web/geek/js/main.js:0
[    5736ms] [LOG] [Object, Object, Object, Object, Object, Object, Object, Object, Object, Object, Object, Object, Object, Object, Object, Object, Object, Object, Object, Object, Object, Object, Object, Object, Object, Object, Object, Object, Object, Object, Object, Object, Object, Object, Object, Object, Object, Object, Object, Object, Object, Object, Object, Object, Object, Object, Object, Object, Object, Object] @ https://static.zhipin.com/zhipin-geek-seo/v5464/web/geek/js/main.js:0
[    6204ms] [LOG] JSHandle@node @ https://static.zhipin.com/zhipin-geek-seo/v5464/web/geek/js/main.js:0
[    6205ms] [LOG] Sun Jul 19 2026 20:43:19 GMT+0800 (China Standard Time) @ https://static.zhipin.com/zhipin-geek-seo/v5464/web/geek/js/main.js:0
[    6205ms] [LOG] function(){} @ https://static.zhipin.com/zhipin-geek-seo/v5464/web/geek/js/main.js:0
[    6205ms] [TABLE] [Object, Object, Object, Object, Object, Object, Object, Object, Object, Object, Object, Object, Object, Object, Object, Object, Object, Object, Object, Object, Object, Object, Object, Object, Object, Object, Object, Object, Object, Object, Object, Object, Object, Object, Object, Object, Object, Object, Object, Object, Object, Object, Object, Object, Object, Object, Object, Object, Object, Object] @ https://static.zhipin.com/zhipin-geek-seo/v5464/web/geek/js/main.js:0
[    6235ms] [LOG] [Object, Object, Object, Object, Object, Object, Object, Object, Object, Object, Object, Object, Object, Object, Object, Object, Object, Object, Object, Object, Object, Object, Object, Object, Object, Object, Object, Object, Object, Object, Object, Object, Object, Object, Object, Object, Object, Object, Object, Object, Object, Object, Object, Object, Object, Object, Object, Object, Object, Object] @ https://static.zhipin.com/zhipin-geek-seo/v5464/web/geek/js/main.js:0
[    6705ms] [LOG] JSHandle@node @ https://static.zhipin.com/zhipin-geek-seo/v5464/web/geek/js/main.js:0
[    6705ms] [LOG] Sun Jul 19 2026 20:43:19 GMT+0800 (China Standard Time) @ https://static.zhipin.com/zhipin-geek-seo/v5464/web/geek/js/main.js:0
[    6706ms] [LOG] function(){} @ https://static.zhipin.com/zhipin-geek-seo/v5464/web/geek/js/main.js:0
[    6706ms] [TABLE] [Object, Object, Object, Object, Object, Object, Object, Object, Object, Object, Object, Object, Object, Object, Object, Object, Object, Object, Object, Object, Object, Object, Object, Object, Object, Object, Object, Object, Object, Object, Object, Object, Object, Object, Object, Object, Object, Object, Object, Object, Object, Object, Object, Object, Object, Object, Object, Object, Object, Object] @ https://static.zhipin.com/zhipin-geek-seo/v5464/web/geek/js/main.js:0
[    6739ms] [LOG] [Object, Object, Object, Object, Object, Object, Object, Object, Object, Object, Object, Object, Object, Object, Object, Object, Object, Object, Object, Object, Object, Object, Object, Object, Object, Object, Object, Object, Object, Object, Object, Object, Object, Object, Object, Object, Object, Object, Object, Object, Object, Object, Object, Object, Object, Object, Object, Object, Object, Object] @ https://static.zhipin.com/zhipin-geek-seo/v5464/web/geek/js/main.js:0
[    6739ms] [TABLE] [Object, Object, Object, Object, Object, Object, Object, Object, Object, Object, Object, Object, Object, Object, Object, Object, Object, Object, Object, Object, Object, Object, Object, Object, Object, Object, Object, Object, Object, Object, Object, Object, Object, Object, Object, Object, Object, Object, Object, Object, Object, Object, Object, Object, Object, Object, Object, Object, Object, Object] @ https://static.zhipin.com/zhipin-geek-seo/v5464/web/geek/js/main.js:0
[    6771ms] [LOG] [Object, Object, Object, Object, Object, Object, Object, Object, Object, Object, Object, Object, Object, Object, Object, Object, Object, Object, Object, Object, Object, Object, Object, Object, Object, Object, Object, Object, Object, Object, Object, Object, Object, Object, Object, Object, Object, Object, Object, Object, Object, Object, Object, Object, Object, Object, Object, Object, Object, Object] @ https://static.zhipin.com/zhipin-geek-seo/v5464/web/geek/js/main.js:0
[    6771ms] [TABLE] [Object, Object, Object, Object, Object, Object, Object, Object, Object, Object, Object, Object, Object, Object, Object, Object, Object, Object, Object, Object, Object, Object, Object, Object, Object, Object, Object, Object, Object, Object, Object, Object, Object, Object, Object, Object, Object, Object, Object, Object, Object, Object, Object, Object, Object, Object, Object, Object, Object, Object] @ https://static.zhipin.com/zhipin-geek-seo/v5464/web/geek/js/main.js:0
[    6801ms] [LOG] [Object, Object, Object, Object, Object, Object, Object, Object, Object, Object, Object, Object, Object, Object, Object, Object, Object, Object, Object, Object, Object, Object, Object, Object, Object, Object, Object, Object, Object, Object, Object, Object, Object, Object, Object, Object, Object, Object, Object, Object, Object, Object, Object, Object, Object, Object, Object, Object, Object, Object] @ https://static.zhipin.com/zhipin-geek-seo/v5464/web/geek/js/main.js:0
[    6802ms] [TABLE] [Object, Object, Object, Object, Object, Object, Object, Object, Object, Object, Object, Object, Object, Object, Object, Object, Object, Object, Object, Object, Object, Object, Object, Object, Object, Object, Object, Object, Object, Object, Object, Object, Object, Object, Object, Object, Object, Object, Object, Object, Object, Object, Object, Object, Object, Object, Object, Object, Object, Object] @ https://static.zhipin.com/zhipin-geek-seo/v5464/web/geek/js/main.js:0
[    6832ms] [LOG] [Object, Object, Object, Object, Object, Object, Object, Object, Object, Object, Object, Object, Object, Object, Object, Object, Object, Object, Object, Object, Object, Object, Object, Object, Object, Object, Object, Object, Object, Object, Object, Object, Object, Object, Object, Object, Object, Object, Object, Object, Object, Object, Object, Object, Object, Object, Object, Object, Object, Object] @ https://static.zhipin.com/zhipin-geek-seo/v5464/web/geek/js/main.js:0
