[     122ms] [LOG] %c数星埋点初始化成功 color: #00bebd @ https://www.zhipin.com/:130
[     340ms] [LOG] getAbData @ https://static.zhipin.com/zhipin-geek-seo/v5464/web/geek/js/main.js:0
[    1840ms] [LOG] %c数星埋点初始化成功 color: #00bebd @ https://www.zhipin.com/shenzhen/?seoRefer=index:130
[    1932ms] [LOG] getAbData @ https://static.zhipin.com/zhipin-geek-seo/v5464/web/geek/js/main.js:0
[    2017ms] [ERROR] Failed to load resource: net::ERR_CONNECTION_CLOSED @ https://hm.baidu.com/hm.js?194df3105ad7148dcf2b98a91b5e727a:0
[    4733ms] [LOG] %c数星埋点初始化成功 color: #00bebd @ https://www.zhipin.com/web/geek/recommend?ka=header-personal:26
[    5322ms] [ERROR] Failed to load resource: net::ERR_FAILED @ chrome-extension://invalid/:0
[    5323ms] [ERROR] WebSocket connection to 'ws://127.0.0.1:18789/1784464815257' failed:  @ https://static.zhipin.com/zhipin-geek/security/121/geek/index.js:0
[    5323ms] [LOG] [Object] @ https://static.zhipin.com/zhipin-geek/security/121/geek/index.js:0
[    5323ms] [LOG] [Object, Object] @ https://static.zhipin.com/zhipin-geek/security/121/geek/index.js:0
[    5323ms] [ERROR] Failed to load resource: net::ERR_CONNECTION_REFUSED @ http://127.0.0.1:8642/v1/health:0
[    5324ms] [ERROR] WebSocket connection to 'ws://127.0.0.1:10086/ws' failed:  @ https://static.zhipin.com/zhipin-geek/security/121/geek/index.js:0
[    5324ms] [LOG] [Object, Object, Object] @ https://static.zhipin.com/zhipin-geek/security/121/geek/index.js:0
[    5324ms] [ERROR] WebSocket connection to 'ws://127.0.0.1:9222/1784464815257' failed:  @ https://static.zhipin.com/zhipin-geek/security/121/geek/index.js:0
[    5324ms] [LOG] [Object, Object, Object, Object] @ https://static.zhipin.com/zhipin-geek/security/121/geek/index.js:0
[    5324ms] [LOG] [Object, Object, Object, Object, Object] @ https://static.zhipin.com/zhipin-geek/security/121/geek/index.js:0
[    5390ms] [LOG] %c current is rspck版本 color: #00bebd @ https://static.zhipin.com/zhipin-geek-spa/web/v6707/static/js/app~0.cd1b9cbc.js:0
[    5504ms] [INFO] This page uses Chrome's Built-In AI features (LanguageDetector)! We're always improving our models; please submit your feedback here: https://issues.chromium.org/issues/new?component=1583316 @ chrome-extension://bpoadfkcbjbfhfodiogcnhhhpibjhbnh/content_main.js:4846
[    5916ms] [LOG] JSHandle@node @ https://static.zhipin.com/zhipin-geek-spa/web/v6707/static/js/vendor-1.b980027c.js:4
[    5916ms] [LOG] Sun Jul 19 2026 20:40:15 GMT+0800 (China Standard Time) @ https://static.zhipin.com/zhipin-geek-spa/web/v6707/static/js/vendor-1.b980027c.js:4
[    5916ms] [LOG] ()=>{} @ https://static.zhipin.com/zhipin-geek-spa/web/v6707/static/js/vendor-1.b980027c.js:4
[    5916ms] [TABLE] [Object, Object, Object, Object, Object, Object, Object, Object, Object, Object, Object, Object, Object, Object, Object, Object, Object, Object, Object, Object, Object, Object, Object, Object, Object, Object, Object, Object, Object, Object, Object, Object, Object, Object, Object, Object, Object, Object, Object, Object, Object, Object, Object, Object, Object, Object, Object, Object, Object, Object] @ https://static.zhipin.com/zhipin-geek-spa/web/v6707/static/js/vendor-1.b980027c.js:4
[    5950ms] [LOG] [Object, Object, Object, Object, Object, Object, Object, Object, Object, Object, Object, Object, Object, Object, Object, Object, Object, Object, Object, Object, Object, Object, Object, Object, Object, Object, Object, Object, Object, Object, Object, Object, Object, Object, Object, Object, Object, Object, Object, Object, Object, Object, Object, Object, Object, Object, Object, Object, Object, Object] @ https://static.zhipin.com/zhipin-geek-spa/web/v6707/static/js/vendor-1.b980027c.js:4
[    6420ms] [LOG] JSHandle@node @ https://static.zhipin.com/zhipin-geek-spa/web/v6707/static/js/vendor-1.b980027c.js:4
[    6421ms] [LOG] Sun Jul 19 2026 20:40:15 GMT+0800 (China Standard Time) @ https://static.zhipin.com/zhipin-geek-spa/web/v6707/static/js/vendor-1.b980027c.js:4
[    6421ms] [LOG] ()=>{} @ https://static.zhipin.com/zhipin-geek-spa/web/v6707/static/js/vendor-1.b980027c.js:4
[    6421ms] [TABLE] [Object, Object, Object, Object, Object, Object, Object, Object, Object, Object, Object, Object, Object, Object, Object, Object, Object, Object, Object, Object, Object, Object, Object, Object, Object, Object, Object, Object, Object, Object, Object, Object, Object, Object, Object, Object, Object, Object, Object, Object, Object, Object, Object, Object, Object, Object, Object, Object, Object, Object] @ https://static.zhipin.com/zhipin-geek-spa/web/v6707/static/js/vendor-1.b980027c.js:4
[    6481ms] [LOG] [Object, Object, Object, Object, Object, Object, Object, Object, Object, Object, Object, Object, Object, Object, Object, Object, Object, Object, Object, Object, Object, Object, Object, Object, Object, Object, Object, Object, Object, Object, Object, Object, Object, Object, Object, Object, Object, Object, Object, Object, Object, Object, Object, Object, Object, Object, Object, Object, Object, Object] @ https://static.zhipin.com/zhipin-geek-spa/web/v6707/static/js/vendor-1.b980027c.js:4
[    6826ms] [LOG] JSHandle@node @ https://static.zhipin.com/zhipin-geek-seo/v5447/web/geek/js/main.js:0
[    6826ms] [LOG] Sun Jul 19 2026 20:40:16 GMT+0800 (China Standard Time) @ https://static.zhipin.com/zhipin-geek-seo/v5447/web/geek/js/main.js:0
[    6826ms] [LOG] function(){} @ https://static.zhipin.com/zhipin-geek-seo/v5447/web/geek/js/main.js:0
[    6826ms] [TABLE] [Object, Object, Object, Object, Object, Object, Object, Object, Object, Object, Object, Object, Object, Object, Object, Object, Object, Object, Object, Object, Object, Object, Object, Object, Object, Object, Object, Object, Object, Object, Object, Object, Object, Object, Object, Object, Object, Object, Object, Object, Object, Object, Object, Object, Object, Object, Object, Object, Object, Object] @ https://static.zhipin.com/zhipin-geek-seo/v5447/web/geek/js/main.js:0
[    6858ms] [LOG] [Object, Object, Object, Object, Object, Object, Object, Object, Object, Object, Object, Object, Object, Object, Object, Object, Object, Object, Object, Object, Object, Object, Object, Object, Object, Object, Object, Object, Object, Object, Object, Object, Object, Object, Object, Object, Object, Object, Object, Object, Object, Object, Object, Object, Object, Object, Object, Object, Object, Object] @ https://static.zhipin.com/zhipin-geek-seo/v5447/web/geek/js/main.js:0
[    6858ms] [TABLE] [Object, Object, Object, Object, Object, Object, Object, Object, Object, Object, Object, Object, Object, Object, Object, Object, Object, Object, Object, Object, Object, Object, Object, Object, Object, Object, Object, Object, Object, Object, Object, Object, Object, Object, Object, Object, Object, Object, Object, Object, Object, Object, Object, Object, Object, Object, Object, Object, Object, Object] @ https://static.zhipin.com/zhipin-geek-seo/v5447/web/geek/js/main.js:0
[    6892ms] [LOG] [Object, Object, Object, Object, Object, Object, Object, Object, Object, Object, Object, Object, Object, Object, Object, Object, Object, Object, Object, Object, Object, Object, Object, Object, Object, Object, Object, Object, Object, Object, Object, Object, Object, Object, Object, Object, Object, Object, Object, Object, Object, Object, Object, Object, Object, Object, Object, Object, Object, Object] @ https://static.zhipin.com/zhipin-geek-seo/v5447/web/geek/js/main.js:0
[    6892ms] [TABLE] [Object, Object, Object, Object, Object, Object, Object, Object, Object, Object, Object, Object, Object, Object, Object, Object, Object, Object, Object, Object, Object, Object, Object, Object, Object, Object, Object, Object, Object, Object, Object, Object, Object, Object, Object, Object, Object, Object, Object, Object, Object, Object, Object, Object, Object, Object, Object, Object, Object, Object] @ https://static.zhipin.com/zhipin-geek-seo/v5447/web/geek/js/main.js:0
[    6923ms] [LOG] [Object, Object, Object, Object, Object, Object, Object, Object, Object, Object, Object, Object, Object, Object, Object, Object, Object, Object, Object, Object, Object, Object, Object, Object, Object, Object, Object, Object, Object, Object, Object, Object, Object, Object, Object, Object, Object, Object, Object, Object, Object, Object, Object, Object, Object, Object, Object, Object, Object, Object] @ https://static.zhipin.com/zhipin-geek-seo/v5447/web/geek/js/main.js:0
[    6923ms] [TABLE] [Object, Object, Object, Object, Object, Object, Object, Object, Object, Object, Object, Object, Object, Object, Object, Object, Object, Object, Object, Object, Object, Object, Object, Object, Object, Object, Object, Object, Object, Object, Object, Object, Object, Object, Object, Object, Object, Object, Object, Object, Object, Object, Object, Object, Object, Object, Object, Object, Object, Object] @ https://static.zhipin.com/zhipin-geek-seo/v5447/web/geek/js/main.js:0
[    6954ms] [LOG] [Object, Object, Object, Object, Object, Object, Object, Object, Object, Object, Object, Object, Object, Object, Object, Object, Object, Object, Object, Object, Object, Object, Object, Object, Object, Object, Object, Object, Object, Object, Object, Object, Object, Object, Object, Object, Object, Object, Object, Object, Object, Object, Object, Object, Object, Object, Object, Object, Object, Object] @ https://static.zhipin.com/zhipin-geek-seo/v5447/web/geek/js/main.js:0
