[     445ms] [INFO] %c%s line-height: 30px; color: #FF6699 bili-fe-fp: 1.1.4 @ https://s1.hdslb.com/bfs/seed/jinkela/short/user-fingerprint/bili-user-fingerprint.min.js:0
[     803ms] [INFO] %c bili-fe-mirror %c v2.1.0  padding: 2px 6px; border-radius: 3px 0 0 3px; color: #fff; background: #FF6699; font-weight: bold; padding: 2px 6px; border-radius: 0 3px 3px 0; color: #fff; background: #FF9999; font-weight: bold; @ https://s1.hdslb.com/bfs/seed/jinkela/short/b-mirror/biliMirror.umd.mini.js:1
[     804ms] [LOG] 白屏检测是否正常 {status: ok, loop: 0, data: Object} @ https://www.bilibili.com/video/BV1ZdKU6DEUR/?spm_id_from=333.337.search-card.all.click:4
[    1110ms] [LOG] %c
                     //
         \\         //
          \\       //
    ##DDDDDDDDDDDDDDDDDDDDDD##
    ## DDDDDDDDDDDDDDDDDDDD ##   ________   ___   ___        ___   ________   ___   ___        ___
    ## hh                hh ##   |\   __  \ |\  \ |\  \      |\  \ |\   __  \ |\  \ |\  \      |\  \
    ## hh    //    \\    hh ##   \ \  \|\ /_\ \  \\ \  \     \ \  \\ \  \|\ /_\ \  \\ \  \     \ \  \
    ## hh   //      \\   hh ##    \ \   __  \\ \  \\ \  \     \ \  \\ \   __  \\ \  \\ \  \     \ \  \
    ## hh                hh ##     \ \  \|\  \\ \  \\ \  \____ \ \  \\ \  \|\  \\ \  \\ \  \____ \ \  \
    ## hh      wwww      hh ##      \ \_______\\ \__\\ \_______\\ \__\\ \_______\\ \__\\ \_______\\ \__\
    ## hh                hh ##       \|_______| \|__| \|_______| \|__| \|_______| \|__| \|_______| \|__|
    ## MMMMMMMMMMMMMMMMMMMM ##
    ##MMMMMMMMMMMMMMMMMMMMMM##                                          Release undefined@no release yet
         \/            \/                                       Powered by @bilibili/jinkela-core@2.8.14 color:#00a1d6 @ https://s1.hdslb.com/bfs/static/jinkela/video/video.8df4bfdc8a4ea4283f4cdb56e1d073a7750a1f3f.js:0
[    2011ms] [INFO] This page uses Chrome's Built-In AI features (LanguageDetector)! We're always improving our models; please submit your feedback here: https://issues.chromium.org/issues/new?component=1583316 @ chrome-extension://bpoadfkcbjbfhfodiogcnhhhpibjhbnh/content_main.js:4846
[   28696ms] [ERROR] Failed to load resource: net::ERR_CONNECTION_RESET @ https://xy39x174x253x206xy.mcdn.bilivideo.cn:8082/v1/resource/upgcxcode/99/42/39504514299/39504514299-1-30280.m4s?agrr=0&build=0&buvid=345364A2-DCC9-D5BB-B978-DD04DD2FA57851794infoc&bvc=vod&bw=95173&deadline=1784565588&dl=0&e=ig8euxZM2rNcNbdlhoNvNC8BqJIzNbfqXBvEqxTEto8BTrNvN0GvT90W5JZMkX_YN0MvXg8gNEV4NC8xNEV4N03eN0B5tZlqNxTEto8BTrNvNeZVuJ10Kj_g2UB02J0mN0B5tZlqNCNEto8BTrNvNC7MTX502C8f2jmMQJ6mqF2fka1mqx6gqj0eN0B599M%3D&f=u_0_0&gen=playurlv3&lrs=-1&mid=291868276&nbs=1&nettype=0&og=cos&oi=3085893628&orderid=0%2C3&os=cosbv&platform=pc&qn_dyeid=3cc814f7aa9a4bc700b85e7e6a5e3334&sign=a88943&traceid=troCibbGfghmTA_0_e_N&uipk=5&uparams=e%2Cgen%2Coi%2Cos%2Cog%2Cdeadline%2Cnbs%2Cuipk%2Ctrid%2Cplatform%2Cmid&upsig=3f9d66e7351cc8f5cbfefa54b43e5421:0
