[     115ms] [LOG] %c数星埋点初始化成功 color: #00bebd @ https://www.zhipin.com/:130
[     414ms] [LOG] getAbData @ https://static.zhipin.com/zhipin-geek-seo/v5464/web/geek/js/main.js:0
[    2148ms] [LOG] %c数星埋点初始化成功 color: #00bebd @ https://www.zhipin.com/shenzhen/?seoRefer=index:130
[    2234ms] [LOG] getAbData @ https://static.zhipin.com/zhipin-geek-seo/v5464/web/geek/js/main.js:0
[    2340ms] [ERROR] Failed to load resource: net::ERR_CONNECTION_CLOSED @ https://hm.baidu.com/hm.js?194df3105ad7148dcf2b98a91b5e727a:0
[    4684ms] [ERROR] Failed to load resource: net::ERR_FAILED @ chrome-extension://invalid/:0
[    4684ms] [ERROR] WebSocket connection to 'ws://127.0.0.1:18789/1784464805905' failed:  @ https://static.zhipin.com/zhipin-geek/security/121/geek/index.js:0
[    4684ms] [ERROR] WebSocket connection to 'ws://127.0.0.1:10086/ws' failed:  @ https://static.zhipin.com/zhipin-geek/security/121/geek/index.js:0
[    4684ms] [ERROR] Failed to load resource: net::ERR_CONNECTION_REFUSED @ http://127.0.0.1:8642/v1/health:0
[    4686ms] [LOG] [Object] @ https://static.zhipin.com/zhipin-geek/security/121/geek/index.js:0
[    4686ms] [LOG] [Object, Object] @ https://static.zhipin.com/zhipin-geek/security/121/geek/index.js:0
[    4686ms] [ERROR] WebSocket connection to 'ws://127.0.0.1:9222/1784464805905' failed:  @ https://static.zhipin.com/zhipin-geek/security/121/geek/index.js:0
[    4686ms] [LOG] [Object, Object, Object] @ https://static.zhipin.com/zhipin-geek/security/121/geek/index.js:0
[    4687ms] [LOG] [Object, Object, Object, Object] @ https://static.zhipin.com/zhipin-geek/security/121/geek/index.js:0
[    4688ms] [LOG] [Object, Object, Object, Object, Object, Object] @ https://static.zhipin.com/zhipin-geek/security/121/geek/index.js:0
[    4743ms] [LOG] JSHandle@node @ https://static.zhipin.com/zhipin-geek-seo/v5464/web/geek/js/main.js:0
[    4743ms] [LOG] Sun Jul 19 2026 20:40:05 GMT+0800 (China Standard Time) @ https://static.zhipin.com/zhipin-geek-seo/v5464/web/geek/js/main.js:0
[    4743ms] [LOG] function(){} @ https://static.zhipin.com/zhipin-geek-seo/v5464/web/geek/js/main.js:0
[    4743ms] [TABLE] [Object, Object, Object, Object, Object, Object, Object, Object, Object, Object, Object, Object, Object, Object, Object, Object, Object, Object, Object, Object, Object, Object, Object, Object, Object, Object, Object, Object, Object, Object, Object, Object, Object, Object, Object, Object, Object, Object, Object, Object, Object, Object, Object, Object, Object, Object, Object, Object, Object, Object] @ https://static.zhipin.com/zhipin-geek-seo/v5464/web/geek/js/main.js:0
[    4782ms] [LOG] [Object, Object, Object, Object, Object, Object, Object, Object, Object, Object, Object, Object, Object, Object, Object, Object, Object, Object, Object, Object, Object, Object, Object, Object, Object, Object, Object, Object, Object, Object, Object, Object, Object, Object, Object, Object, Object, Object, Object, Object, Object, Object, Object, Object, Object, Object, Object, Object, Object, Object] @ https://static.zhipin.com/zhipin-geek-seo/v5464/web/geek/js/main.js:0
[    4782ms] [TABLE] [Object, Object, Object, Object, Object, Object, Object, Object, Object, Object, Object, Object, Object, Object, Object, Object, Object, Object, Object, Object, Object, Object, Object, Object, Object, Object, Object, Object, Object, Object, Object, Object, Object, Object, Object, Object, Object, Object, Object, Object, Object, Object, Object, Object, Object, Object, Object, Object, Object, Object] @ https://static.zhipin.com/zhipin-geek-seo/v5464/web/geek/js/main.js:0
[    4816ms] [LOG] [Object, Object, Object, Object, Object, Object, Object, Object, Object, Object, Object, Object, Object, Object, Object, Object, Object, Object, Object, Object, Object, Object, Object, Object, Object, Object, Object, Object, Object, Object, Object, Object, Object, Object, Object, Object, Object, Object, Object, Object, Object, Object, Object, Object, Object, Object, Object, Object, Object, Object] @ https://static.zhipin.com/zhipin-geek-seo/v5464/web/geek/js/main.js:0
[    4816ms] [TABLE] [Object, Object, Object, Object, Object, Object, Object, Object, Object, Object, Object, Object, Object, Object, Object, Object, Object, Object, Object, Object, Object, Object, Object, Object, Object, Object, Object, Object, Object, Object, Object, Object, Object, Object, Object, Object, Object, Object, Object, Object, Object, Object, Object, Object, Object, Object, Object, Object, Object, Object] @ https://static.zhipin.com/zhipin-geek-seo/v5464/web/geek/js/main.js:0
[    4848ms] [LOG] [Object, Object, Object, Object, Object, Object, Object, Object, Object, Object, Object, Object, Object, Object, Object, Object, Object, Object, Object, Object, Object, Object, Object, Object, Object, Object, Object, Object, Object, Object, Object, Object, Object, Object, Object, Object, Object, Object, Object, Object, Object, Object, Object, Object, Object, Object, Object, Object, Object, Object] @ https://static.zhipin.com/zhipin-geek-seo/v5464/web/geek/js/main.js:0
[    4848ms] [TABLE] [Object, Object, Object, Object, Object, Object, Object, Object, Object, Object, Object, Object, Object, Object, Object, Object, Object, Object, Object, Object, Object, Object, Object, Object, Object, Object, Object, Object, Object, Object, Object, Object, Object, Object, Object, Object, Object, Object, Object, Object, Object, Object, Object, Object, Object, Object, Object, Object, Object, Object] @ https://static.zhipin.com/zhipin-geek-seo/v5464/web/geek/js/main.js:0
[    4879ms] [LOG] [Object, Object, Object, Object, Object, Object, Object, Object, Object, Object, Object, Object, Object, Object, Object, Object, Object, Object, Object, Object, Object, Object, Object, Object, Object, Object, Object, Object, Object, Object, Object, Object, Object, Object, Object, Object, Object, Object, Object, Object, Object, Object, Object, Object, Object, Object, Object, Object, Object, Object] @ https://static.zhipin.com/zhipin-geek-seo/v5464/web/geek/js/main.js:0
