[     122ms] [LOG] %c数星埋点初始化成功 color: #00bebd @ https://www.zhipin.com/:130
[     358ms] [LOG] getAbData @ https://static.zhipin.com/zhipin-geek-seo/v5464/web/geek/js/main.js:0
[    2104ms] [LOG] %c数星埋点初始化成功 color: #00bebd @ https://www.zhipin.com/shenzhen/?seoRefer=index:130
[    2194ms] [LOG] getAbData @ https://static.zhipin.com/zhipin-geek-seo/v5464/web/geek/js/main.js:0
[    2571ms] [ERROR] Failed to load resource: net::ERR_CONNECTION_CLOSED @ https://hm.baidu.com/hm.js?194df3105ad7148dcf2b98a91b5e727a:0
[    4366ms] [ERROR] Failed to load resource: net::ERR_FAILED @ chrome-extension://invalid/:0
[    4366ms] [ERROR] WebSocket connection to 'ws://127.0.0.1:18789/1784464883810' failed:  @ https://static.zhipin.com/zhipin-geek/security/121/geek/index.js:0
[    4368ms] [ERROR] WebSocket connection to 'ws://127.0.0.1:10086/ws' failed:  @ https://static.zhipin.com/zhipin-geek/security/121/geek/index.js:0
[    4368ms] [ERROR] Failed to load resource: net::ERR_CONNECTION_REFUSED @ http://127.0.0.1:8642/v1/health:0
[    4369ms] [LOG] [Object] @ https://static.zhipin.com/zhipin-geek/security/121/geek/index.js:0
[    4370ms] [LOG] [Object, Object] @ https://static.zhipin.com/zhipin-geek/security/121/geek/index.js:0
[    4370ms] [LOG] [Object, Object, Object] @ https://static.zhipin.com/zhipin-geek/security/121/geek/index.js:0
[    4371ms] [ERROR] WebSocket connection to 'ws://127.0.0.1:9222/1784464883810' failed:  @ https://static.zhipin.com/zhipin-geek/security/121/geek/index.js:0
[    4371ms] [LOG] [Object, Object, Object, Object] @ https://static.zhipin.com/zhipin-geek/security/121/geek/index.js:0
[    4372ms] [LOG] [Object, Object, Object, Object, Object, Object] @ https://static.zhipin.com/zhipin-geek/security/121/geek/index.js:0
[    4437ms] [LOG] JSHandle@node @ https://static.zhipin.com/zhipin-geek-seo/v5464/web/geek/js/main.js:0
[    4437ms] [LOG] Sun Jul 19 2026 20:41:23 GMT+0800 (China Standard Time) @ https://static.zhipin.com/zhipin-geek-seo/v5464/web/geek/js/main.js:0
[    4437ms] [LOG] function(){} @ https://static.zhipin.com/zhipin-geek-seo/v5464/web/geek/js/main.js:0
[    4437ms] [TABLE] [Object, Object, Object, Object, Object, Object, Object, Object, Object, Object, Object, Object, Object, Object, Object, Object, Object, Object, Object, Object, Object, Object, Object, Object, Object, Object, Object, Object, Object, Object, Object, Object, Object, Object, Object, Object, Object, Object, Object, Object, Object, Object, Object, Object, Object, Object, Object, Object, Object, Object] @ https://static.zhipin.com/zhipin-geek-seo/v5464/web/geek/js/main.js:0
[    4470ms] [LOG] [Object, Object, Object, Object, Object, Object, Object, Object, Object, Object, Object, Object, Object, Object, Object, Object, Object, Object, Object, Object, Object, Object, Object, Object, Object, Object, Object, Object, Object, Object, Object, Object, Object, Object, Object, Object, Object, Object, Object, Object, Object, Object, Object, Object, Object, Object, Object, Object, Object, Object] @ https://static.zhipin.com/zhipin-geek-seo/v5464/web/geek/js/main.js:0
[    4733ms] [INFO] This page uses Chrome's Built-In AI features (LanguageDetector)! We're always improving our models; please submit your feedback here: https://issues.chromium.org/issues/new?component=1583316 @ chrome-extension://bpoadfkcbjbfhfodiogcnhhhpibjhbnh/content_main.js:4846
[    4944ms] [LOG] JSHandle@node @ https://static.zhipin.com/zhipin-geek-seo/v5464/web/geek/js/main.js:0
[    4944ms] [LOG] Sun Jul 19 2026 20:41:23 GMT+0800 (China Standard Time) @ https://static.zhipin.com/zhipin-geek-seo/v5464/web/geek/js/main.js:0
[    4944ms] [LOG] function(){} @ https://static.zhipin.com/zhipin-geek-seo/v5464/web/geek/js/main.js:0
[    4944ms] [TABLE] [Object, Object, Object, Object, Object, Object, Object, Object, Object, Object, Object, Object, Object, Object, Object, Object, Object, Object, Object, Object, Object, Object, Object, Object, Object, Object, Object, Object, Object, Object, Object, Object, Object, Object, Object, Object, Object, Object, Object, Object, Object, Object, Object, Object, Object, Object, Object, Object, Object, Object] @ https://static.zhipin.com/zhipin-geek-seo/v5464/web/geek/js/main.js:0
[    4974ms] [LOG] [Object, Object, Object, Object, Object, Object, Object, Object, Object, Object, Object, Object, Object, Object, Object, Object, Object, Object, Object, Object, Object, Object, Object, Object, Object, Object, Object, Object, Object, Object, Object, Object, Object, Object, Object, Object, Object, Object, Object, Object, Object, Object, Object, Object, Object, Object, Object, Object, Object, Object] @ https://static.zhipin.com/zhipin-geek-seo/v5464/web/geek/js/main.js:0
[    4974ms] [TABLE] [Object, Object, Object, Object, Object, Object, Object, Object, Object, Object, Object, Object, Object, Object, Object, Object, Object, Object, Object, Object, Object, Object, Object, Object, Object, Object, Object, Object, Object, Object, Object, Object, Object, Object, Object, Object, Object, Object, Object, Object, Object, Object, Object, Object, Object, Object, Object, Object, Object, Object] @ https://static.zhipin.com/zhipin-geek-seo/v5464/web/geek/js/main.js:0
[    5004ms] [LOG] [Object, Object, Object, Object, Object, Object, Object, Object, Object, Object, Object, Object, Object, Object, Object, Object, Object, Object, Object, Object, Object, Object, Object, Object, Object, Object, Object, Object, Object, Object, Object, Object, Object, Object, Object, Object, Object, Object, Object, Object, Object, Object, Object, Object, Object, Object, Object, Object, Object, Object] @ https://static.zhipin.com/zhipin-geek-seo/v5464/web/geek/js/main.js:0
[    5005ms] [TABLE] [Object, Object, Object, Object, Object, Object, Object, Object, Object, Object, Object, Object, Object, Object, Object, Object, Object, Object, Object, Object, Object, Object, Object, Object, Object, Object, Object, Object, Object, Object, Object, Object, Object, Object, Object, Object, Object, Object, Object, Object, Object, Object, Object, Object, Object, Object, Object, Object, Object, Object] @ https://static.zhipin.com/zhipin-geek-seo/v5464/web/geek/js/main.js:0
[    5035ms] [LOG] [Object, Object, Object, Object, Object, Object, Object, Object, Object, Object, Object, Object, Object, Object, Object, Object, Object, Object, Object, Object, Object, Object, Object, Object, Object, Object, Object, Object, Object, Object, Object, Object, Object, Object, Object, Object, Object, Object, Object, Object, Object, Object, Object, Object, Object, Object, Object, Object, Object, Object] @ https://static.zhipin.com/zhipin-geek-seo/v5464/web/geek/js/main.js:0
[    5036ms] [TABLE] [Object, Object, Object, Object, Object, Object, Object, Object, Object, Object, Object, Object, Object, Object, Object, Object, Object, Object, Object, Object, Object, Object, Object, Object, Object, Object, Object, Object, Object, Object, Object, Object, Object, Object, Object, Object, Object, Object, Object, Object, Object, Object, Object, Object, Object, Object, Object, Object, Object, Object] @ https://static.zhipin.com/zhipin-geek-seo/v5464/web/geek/js/main.js:0
[    5065ms] [LOG] [Object, Object, Object, Object, Object, Object, Object, Object, Object, Object, Object, Object, Object, Object, Object, Object, Object, Object, Object, Object, Object, Object, Object, Object, Object, Object, Object, Object, Object, Object, Object, Object, Object, Object, Object, Object, Object, Object, Object, Object, Object, Object, Object, Object, Object, Object, Object, Object, Object, Object] @ https://static.zhipin.com/zhipin-geek-seo/v5464/web/geek/js/main.js:0
