[-2874733ms] [INFO] This page uses Chrome's Built-In AI features (LanguageDetector)! We're always improving our models; please submit your feedback here: https://issues.chromium.org/issues/new?component=1583316 @ chrome-extension://bpoadfkcbjbfhfodiogcnhhhpibjhbnh/content_main.js:4846
[ -325518ms] [INFO] This page uses Chrome's Built-In AI features (LanguageDetector)! We're always improving our models; please submit your feedback here: https://issues.chromium.org/issues/new?component=1583316 @ chrome-extension://bpoadfkcbjbfhfodiogcnhhhpibjhbnh/content_main.js:4846
[-2859978ms] [WARNING] Deprecated API for given entry type. @ https://s1.hdslb.com/bfs/seed/jinkela/short/b-mirror/biliMirror.umd.mini.js:1
[-2875131ms] [INFO] %c%s line-height: 30px; color: #FF6699 bili-fe-fp: 1.1.4 @ https://s1.hdslb.com/bfs/seed/jinkela/short/user-fingerprint/bili-user-fingerprint.min.js:0
[-2874978ms] [INFO] %c bili-fe-mirror %c v2.1.0  padding: 2px 6px; border-radius: 3px 0 0 3px; color: #fff; background: #FF6699; font-weight: bold; padding: 2px 6px; border-radius: 0 3px 3px 0; color: #fff; background: #FF9999; font-weight: bold; @ https://s1.hdslb.com/bfs/seed/jinkela/short/b-mirror/biliMirror.umd.mini.js:1
[-2874845ms] [LOG] 白屏检测是否正常 Object @ https://www.bilibili.com/video/BV1odNJ6PEEN/?spm_id_from=333.1007.tianma.1-1-1.click:5
[-2874358ms] [LOG] %c
                     //
         \\         //
          \\       //
    ##DDDDDDDDDDDDDDDDDDDDDD##
    ## DDDDDDDDDDDDDDDDDDDD ##   ________   ___   ___        ___   ________   ___   ___        ___
    ## hh                hh ##   |\   __  \ |\  \ |\  \      |\  \ |\   __  \ |\  \ |\  \      |\  \
    ## hh    //    \\    hh ##   \ \  \|\ /_\ \  \\ \  \     \ \  \\ \  \|\ /_\ \  \\ \  \     \ \  \
    ## hh   //      \\   hh ##    \ \   __  \\ \  \\ \  \     \ \  \\ \   __  \\ \  \\ \  \     \ \  \
    ## hh                hh ##     \ \  \|\  \\ \  \\ \  \____ \ \  \\ \  \|\  \\ \  \\ \  \____ \ \  \
    ## hh      wwww      hh ##      \ \_______\\ \__\\ \_______\\ \__\\ \_______\\ \__\\ \_______\\ \__\
    ## hh                hh ##       \|_______| \|__| \|_______| \|__| \|_______| \|__| \|_______| \|__|
    ## MMMMMMMMMMMMMMMMMMMM ##
    ##MMMMMMMMMMMMMMMMMMMMMM##                                          Release undefined@no release yet
         \/            \/                                       Powered by @bilibili/jinkela-core@2.8.14 color:#00a1d6 @ https://s1.hdslb.com/bfs/static/jinkela/video/video.8df4bfdc8a4ea4283f4cdb56e1d073a7750a1f3f.js:0
[ 2167674ms] [ERROR] Failed to load resource: the server responded with a status of 503 () @ https://developers.cloudflare.com/directory/:0
[ 2584171ms] [INFO] This page uses Chrome's Built-In AI features (LanguageDetector)! We're always improving our models; please submit your feedback here: https://issues.chromium.org/issues/new?component=1583316 @ chrome-extension://bpoadfkcbjbfhfodiogcnhhhpibjhbnh/content_main.js:4846
[ 2584650ms] [ERROR] Failed to load resource: net::ERR_CONNECTION_CLOSED @ https://bat.bing.com/bat.js:0
[ 2584651ms] [ERROR] Failed to load resource: net::ERR_BLOCKED_BY_CLIENT @ https://ad.doubleclick.net/ccm/s/collect?auid=1041508465.1784553029&gtm=45E92e67f0v890325950za204zd890325950xea&fmt=8:0
[ 2585422ms] [ERROR] Failed to load resource: net::ERR_BLOCKED_BY_CLIENT @ https://js.adsrvr.org/up_loader.1.1.0.js:0
[ 2585422ms] [ERROR] Failed to load resource: net::ERR_BLOCKED_BY_CLIENT @ https://static.ads-twitter.com/uwt.js:0
[ 2585424ms] [ERROR] Failed to load resource: net::ERR_BLOCKED_BY_CLIENT @ https://ad.doubleclick.net/activity;src=9309168;type=a_pag0;cat=3_page;ord=3510275586905;u1=page_load;u2=www.cloudflare.com?:0
[ 2585424ms] [ERROR] Failed to load resource: net::ERR_BLOCKED_BY_CLIENT @ https://ad.doubleclick.net/activity;src=9973066;type=pagev0;cat=gcm-b0;ord=8227062032026;u1=?:0
[ 2585907ms] [ERROR] Failed to load resource: net::ERR_BLOCKED_BY_CLIENT @ https://js.adsrvr.org/up_loader.3.0.0.js:0
[ 2585916ms] [ERROR] Failed to load resource: net::ERR_BLOCKED_BY_CLIENT @ https://stats.g.doubleclick.net/g/collect?t=dc&aip=1&_r=3&v=1&_v=j86&tid=G-SQCRB0TXZW&cid=3f3c84a8-d095-41a9-89ce-19d0a73bc7aa&_u=KGDAAEADQAAAAC%7E&z=1691959913:0
[ 2585925ms] [ERROR] Failed to load resource: net::ERR_BLOCKED_BY_CLIENT @ https://id.rlcdn.com/464526.gif:0
[ 2586547ms] [ERROR] Blocked script execution in 'https://s.company-target.com/s/sync?exc=lr' because the document's frame is sandboxed and the 'allow-scripts' permission is not set. @ https://s.company-target.com/s/sync?exc=lr:0
[ 2586559ms] [ERROR] Blocked script execution in 'https://s.company-target.com/s/sync?exc=lr' because the document's frame is sandboxed and the 'allow-scripts' permission is not set. @ https://s.company-target.com/s/sync?exc=lr:0
[ 2586573ms] [ERROR] Blocked script execution in 'https://s.company-target.com/s/sync?exc=lr' because the document's frame is sandboxed and the 'allow-scripts' permission is not set. @ https://s.company-target.com/s/sync?exc=lr:0
[ 2586608ms] [ERROR] Blocked script execution in 'https://s.company-target.com/s/sync?exc=lr' because the document's frame is sandboxed and the 'allow-scripts' permission is not set. @ https://s.company-target.com/s/sync?exc=lr:0
[ 2589787ms] [ERROR] Blocked script execution in 'about:blank' because the document's frame is sandboxed and the 'allow-scripts' permission is not set. @ https://dash.cloudflare.com/static/vendor/onetrust/oneTrust_production/scripttemplates/202510.2.0/otBannerSdk.js:6
[ 2589791ms] [ERROR] Blocked script execution in 'about:blank' because the document's frame is sandboxed and the 'allow-scripts' permission is not set. @ https://dash.cloudflare.com/static/vendor/onetrust/oneTrust_production/scripttemplates/202510.2.0/otBannerSdk.js:6
[ 2589803ms] [ERROR] Blocked script execution in 'about:blank' because the document's frame is sandboxed and the 'allow-scripts' permission is not set. @ https://dash.cloudflare.com/static/vendor/onetrust/oneTrust_production/scripttemplates/202510.2.0/otBannerSdk.js:6
[ 2589807ms] [ERROR] Blocked script execution in 'about:blank' because the document's frame is sandboxed and the 'allow-scripts' permission is not set. @ https://dash.cloudflare.com/static/vendor/onetrust/oneTrust_production/scripttemplates/202510.2.0/otBannerSdk.js:6
[ 2589839ms] [ERROR] Blocked script execution in 'about:blank' because the document's frame is sandboxed and the 'allow-scripts' permission is not set. @ about:blank:0
[ 2590662ms] [INFO] This page uses Chrome's Built-In AI features (LanguageDetector)! We're always improving our models; please submit your feedback here: https://issues.chromium.org/issues/new?component=1583316 @ chrome-extension://bpoadfkcbjbfhfodiogcnhhhpibjhbnh/content_main.js:4846
[ 2591844ms] [ERROR] Failed to load resource: net::ERR_BLOCKED_BY_CLIENT @ https://stats.g.doubleclick.net/g/collect?t=dc&aip=1&_r=3&v=1&_v=j86&tid=G-SQCRB0TXZW&cid=3f3c84a8-d095-41a9-89ce-19d0a73bc7aa&_u=KGDAAEADQAAAAC%7E&z=1726910464:0
[ 2591988ms] [ERROR] Failed to load resource: the server responded with a status of 403 () @ https://dash.cloudflare.com/api/v4/accounts/11d53ccc114346327639be6a98e1d009/access/organizations:0
[ 2593699ms] [ERROR] Failed to load resource: net::ERR_BLOCKED_BY_CLIENT @ https://stats.g.doubleclick.net/g/collect?t=dc&aip=1&_r=3&v=1&_v=j86&tid=G-SQCRB0TXZW&cid=3f3c84a8-d095-41a9-89ce-19d0a73bc7aa&_u=KGDAAEADQAAAAC%7E&z=1078059248:0
[ 2598009ms] [ERROR] Failed to load resource: net::ERR_BLOCKED_BY_CLIENT @ https://stats.g.doubleclick.net/g/collect?t=dc&aip=1&_r=3&v=1&_v=j86&tid=G-SQCRB0TXZW&cid=3f3c84a8-d095-41a9-89ce-19d0a73bc7aa&_u=KGDAAEADQAAAAC%7E&z=1027751384:0
[ 2604661ms] [ERROR] Failed to load resource: the server responded with a status of 404 () @ https://dash.cloudflare.com/api/v4/accounts/11d53ccc114346327639be6a98e1d009/workers/services/sweet-cloud-418d/environments/production:0
[ 2604699ms] [ERROR] Failed to load resource: the server responded with a status of 404 () @ https://dash.cloudflare.com/api/v4/accounts/11d53ccc114346327639be6a98e1d009/workers/services/sweet-cloud-418d:0
[ 2604773ms] [ERROR] Failed to load resource: the server responded with a status of 404 () @ https://dash.cloudflare.com/api/v4/accounts/11d53ccc114346327639be6a98e1d009/workers/scripts/sweet-cloud-418d/versions?per_page=10:0
[ 2604786ms] [ERROR] Failed to load resource: the server responded with a status of 404 () @ https://dash.cloudflare.com/api/v4/accounts/11d53ccc114346327639be6a98e1d009/workers/scripts/sweet-cloud-418d/deployments:0
[ 2604862ms] [ERROR] Failed to load resource: the server responded with a status of 404 () @ https://dash.cloudflare.com/api/v4/accounts/11d53ccc114346327639be6a98e1d009/workers/services/sweet-cloud-418d/environments/production?expand=routes,scripts:0
[ 2604909ms] [ERROR] Failed to load resource: the server responded with a status of 404 () @ https://dash.cloudflare.com/api/v4/accounts/11d53ccc114346327639be6a98e1d009/workers/scripts/sweet-cloud-418d/script-settings:0
[ 2605007ms] [ERROR] Failed to load resource: net::ERR_BLOCKED_BY_CLIENT @ https://stats.g.doubleclick.net/g/collect?t=dc&aip=1&_r=3&v=1&_v=j86&tid=G-SQCRB0TXZW&cid=3f3c84a8-d095-41a9-89ce-19d0a73bc7aa&_u=KGDAAEADQAAAAC%7E&z=249904887:0
[ 2607922ms] [ERROR] Failed to load resource: net::ERR_BLOCKED_BY_CLIENT @ https://stats.g.doubleclick.net/g/collect?t=dc&aip=1&_r=3&v=1&_v=j86&tid=G-SQCRB0TXZW&cid=3f3c84a8-d095-41a9-89ce-19d0a73bc7aa&_u=KGDAAEADQAAAAC%7E&z=796338652:0
[ 2609268ms] [ERROR] Failed to load resource: net::ERR_BLOCKED_BY_CLIENT @ https://stats.g.doubleclick.net/g/collect?t=dc&aip=1&_r=3&v=1&_v=j86&tid=G-SQCRB0TXZW&cid=3f3c84a8-d095-41a9-89ce-19d0a73bc7aa&_u=KGDAAEADQAAAAC%7E&z=368905483:0
[ 2614967ms] [ERROR] Failed to load resource: net::ERR_BLOCKED_BY_CLIENT @ https://stats.g.doubleclick.net/g/collect?t=dc&aip=1&_r=3&v=1&_v=j86&tid=G-SQCRB0TXZW&cid=3f3c84a8-d095-41a9-89ce-19d0a73bc7aa&_u=KGDAAEADQAAAAC%7E&z=574268696:0
[ 2657004ms] [ERROR] Failed to load resource: net::ERR_BLOCKED_BY_CLIENT @ https://stats.g.doubleclick.net/g/collect?t=dc&aip=1&_r=3&v=1&_v=j86&tid=G-SQCRB0TXZW&cid=3f3c84a8-d095-41a9-89ce-19d0a73bc7aa&_u=KGDAAEADQAAAAC%7E&z=1338869667:0
