[     119ms] [LOG] %c数星埋点初始化成功 color: #00bebd @ https://www.zhipin.com/:130
[     388ms] [LOG] getAbData @ https://static.zhipin.com/zhipin-geek-seo/v5464/web/geek/js/main.js:0
[    2010ms] [LOG] %c数星埋点初始化成功 color: #00bebd @ https://www.zhipin.com/shenzhen/?seoRefer=index:130
[    2104ms] [LOG] getAbData @ https://static.zhipin.com/zhipin-geek-seo/v5464/web/geek/js/main.js:0
[    2467ms] [ERROR] Failed to load resource: net::ERR_CONNECTION_CLOSED @ https://hm.baidu.com/hm.js?194df3105ad7148dcf2b98a91b5e727a:0
[    4441ms] [LOG] JSHandle@node @ https://static.zhipin.com/zhipin-geek-seo/v5464/web/geek/js/main.js:0
[    4442ms] [LOG] Sun Jul 19 2026 20:41:53 GMT+0800 (China Standard Time) @ https://static.zhipin.com/zhipin-geek-seo/v5464/web/geek/js/main.js:0
[    4442ms] [LOG] function(){} @ https://static.zhipin.com/zhipin-geek-seo/v5464/web/geek/js/main.js:0
[    4442ms] [TABLE] [Object, Object, Object, Object, Object, Object, Object, Object, Object, Object, Object, Object, Object, Object, Object, Object, Object, Object, Object, Object, Object, Object, Object, Object, Object, Object, Object, Object, Object, Object, Object, Object, Object, Object, Object, Object, Object, Object, Object, Object, Object, Object, Object, Object, Object, Object, Object, Object, Object, Object] @ https://static.zhipin.com/zhipin-geek-seo/v5464/web/geek/js/main.js:0
[    4475ms] [LOG] [Object, Object, Object, Object, Object, Object, Object, Object, Object, Object, Object, Object, Object, Object, Object, Object, Object, Object, Object, Object, Object, Object, Object, Object, Object, Object, Object, Object, Object, Object, Object, Object, Object, Object, Object, Object, Object, Object, Object, Object, Object, Object, Object, Object, Object, Object, Object, Object, Object, Object] @ https://static.zhipin.com/zhipin-geek-seo/v5464/web/geek/js/main.js:0
[    4774ms] [ERROR] Failed to load resource: net::ERR_FAILED @ chrome-extension://invalid/:0
[    4775ms] [ERROR] WebSocket connection to 'ws://127.0.0.1:18789/1784464914735' failed:  @ https://static.zhipin.com/zhipin-geek/security/121/geek/index.js:0
[    4775ms] [ERROR] WebSocket connection to 'ws://127.0.0.1:10086/ws' failed:  @ https://static.zhipin.com/zhipin-geek/security/121/geek/index.js:0
[    4776ms] [ERROR] Failed to load resource: net::ERR_CONNECTION_REFUSED @ http://127.0.0.1:8642/v1/health:0
[    4781ms] [LOG] [Object] @ https://static.zhipin.com/zhipin-geek/security/121/geek/index.js:0
[    4782ms] [LOG] [Object, Object] @ https://static.zhipin.com/zhipin-geek/security/121/geek/index.js:0
[    4782ms] [LOG] [Object, Object, Object] @ https://static.zhipin.com/zhipin-geek/security/121/geek/index.js:0
[    4782ms] [ERROR] WebSocket connection to 'ws://127.0.0.1:9222/1784464914736' failed:  @ https://static.zhipin.com/zhipin-geek/security/121/geek/index.js:0
[    4793ms] [LOG] [Object, Object, Object, Object] @ https://static.zhipin.com/zhipin-geek/security/121/geek/index.js:0
[    4794ms] [LOG] [Object, Object, Object, Object, Object, Object] @ https://static.zhipin.com/zhipin-geek/security/121/geek/index.js:0
[    4886ms] [INFO] This page uses Chrome's Built-In AI features (LanguageDetector)! We're always improving our models; please submit your feedback here: https://issues.chromium.org/issues/new?component=1583316 @ chrome-extension://bpoadfkcbjbfhfodiogcnhhhpibjhbnh/content_main.js:4846
[    4942ms] [LOG] JSHandle@node @ https://static.zhipin.com/zhipin-geek-seo/v5464/web/geek/js/main.js:0
[    4942ms] [LOG] Sun Jul 19 2026 20:41:53 GMT+0800 (China Standard Time) @ https://static.zhipin.com/zhipin-geek-seo/v5464/web/geek/js/main.js:0
[    4942ms] [LOG] function(){} @ https://static.zhipin.com/zhipin-geek-seo/v5464/web/geek/js/main.js:0
[    4942ms] [TABLE] [Object, Object, Object, Object, Object, Object, Object, Object, Object, Object, Object, Object, Object, Object, Object, Object, Object, Object, Object, Object, Object, Object, Object, Object, Object, Object, Object, Object, Object, Object, Object, Object, Object, Object, Object, Object, Object, Object, Object, Object, Object, Object, Object, Object, Object, Object, Object, Object, Object, Object] @ https://static.zhipin.com/zhipin-geek-seo/v5464/web/geek/js/main.js:0
[    4974ms] [LOG] [Object, Object, Object, Object, Object, Object, Object, Object, Object, Object, Object, Object, Object, Object, Object, Object, Object, Object, Object, Object, Object, Object, Object, Object, Object, Object, Object, Object, Object, Object, Object, Object, Object, Object, Object, Object, Object, Object, Object, Object, Object, Object, Object, Object, Object, Object, Object, Object, Object, Object] @ https://static.zhipin.com/zhipin-geek-seo/v5464/web/geek/js/main.js:0
[    5442ms] [LOG] JSHandle@node @ https://static.zhipin.com/zhipin-geek-seo/v5464/web/geek/js/main.js:0
[    5443ms] [LOG] Sun Jul 19 2026 20:41:53 GMT+0800 (China Standard Time) @ https://static.zhipin.com/zhipin-geek-seo/v5464/web/geek/js/main.js:0
[    5443ms] [LOG] function(){} @ https://static.zhipin.com/zhipin-geek-seo/v5464/web/geek/js/main.js:0
[    5443ms] [TABLE] [Object, Object, Object, Object, Object, Object, Object, Object, Object, Object, Object, Object, Object, Object, Object, Object, Object, Object, Object, Object, Object, Object, Object, Object, Object, Object, Object, Object, Object, Object, Object, Object, Object, Object, Object, Object, Object, Object, Object, Object, Object, Object, Object, Object, Object, Object, Object, Object, Object, Object] @ https://static.zhipin.com/zhipin-geek-seo/v5464/web/geek/js/main.js:0
[    5472ms] [LOG] [Object, Object, Object, Object, Object, Object, Object, Object, Object, Object, Object, Object, Object, Object, Object, Object, Object, Object, Object, Object, Object, Object, Object, Object, Object, Object, Object, Object, Object, Object, Object, Object, Object, Object, Object, Object, Object, Object, Object, Object, Object, Object, Object, Object, Object, Object, Object, Object, Object, Object] @ https://static.zhipin.com/zhipin-geek-seo/v5464/web/geek/js/main.js:0
[    5944ms] [LOG] JSHandle@node @ https://static.zhipin.com/zhipin-geek-seo/v5464/web/geek/js/main.js:0
[    5944ms] [LOG] Sun Jul 19 2026 20:41:53 GMT+0800 (China Standard Time) @ https://static.zhipin.com/zhipin-geek-seo/v5464/web/geek/js/main.js:0
[    5944ms] [LOG] function(){} @ https://static.zhipin.com/zhipin-geek-seo/v5464/web/geek/js/main.js:0
[    5944ms] [TABLE] [Object, Object, Object, Object, Object, Object, Object, Object, Object, Object, Object, Object, Object, Object, Object, Object, Object, Object, Object, Object, Object, Object, Object, Object, Object, Object, Object, Object, Object, Object, Object, Object, Object, Object, Object, Object, Object, Object, Object, Object, Object, Object, Object, Object, Object, Object, Object, Object, Object, Object] @ https://static.zhipin.com/zhipin-geek-seo/v5464/web/geek/js/main.js:0
[    5975ms] [LOG] [Object, Object, Object, Object, Object, Object, Object, Object, Object, Object, Object, Object, Object, Object, Object, Object, Object, Object, Object, Object, Object, Object, Object, Object, Object, Object, Object, Object, Object, Object, Object, Object, Object, Object, Object, Object, Object, Object, Object, Object, Object, Object, Object, Object, Object, Object, Object, Object, Object, Object] @ https://static.zhipin.com/zhipin-geek-seo/v5464/web/geek/js/main.js:0
[    6444ms] [LOG] JSHandle@node @ https://static.zhipin.com/zhipin-geek-seo/v5464/web/geek/js/main.js:0
[    6444ms] [LOG] Sun Jul 19 2026 20:41:53 GMT+0800 (China Standard Time) @ https://static.zhipin.com/zhipin-geek-seo/v5464/web/geek/js/main.js:0
[    6444ms] [LOG] function(){} @ https://static.zhipin.com/zhipin-geek-seo/v5464/web/geek/js/main.js:0
[    6444ms] [TABLE] [Object, Object, Object, Object, Object, Object, Object, Object, Object, Object, Object, Object, Object, Object, Object, Object, Object, Object, Object, Object, Object, Object, Object, Object, Object, Object, Object, Object, Object, Object, Object, Object, Object, Object, Object, Object, Object, Object, Object, Object, Object, Object, Object, Object, Object, Object, Object, Object, Object, Object] @ https://static.zhipin.com/zhipin-geek-seo/v5464/web/geek/js/main.js:0
[    6475ms] [LOG] [Object, Object, Object, Object, Object, Object, Object, Object, Object, Object, Object, Object, Object, Object, Object, Object, Object, Object, Object, Object, Object, Object, Object, Object, Object, Object, Object, Object, Object, Object, Object, Object, Object, Object, Object, Object, Object, Object, Object, Object, Object, Object, Object, Object, Object, Object, Object, Object, Object, Object] @ https://static.zhipin.com/zhipin-geek-seo/v5464/web/geek/js/main.js:0
[    6475ms] [TABLE] [Object, Object, Object, Object, Object, Object, Object, Object, Object, Object, Object, Object, Object, Object, Object, Object, Object, Object, Object, Object, Object, Object, Object, Object, Object, Object, Object, Object, Object, Object, Object, Object, Object, Object, Object, Object, Object, Object, Object, Object, Object, Object, Object, Object, Object, Object, Object, Object, Object, Object] @ https://static.zhipin.com/zhipin-geek-seo/v5464/web/geek/js/main.js:0
[    6505ms] [LOG] [Object, Object, Object, Object, Object, Object, Object, Object, Object, Object, Object, Object, Object, Object, Object, Object, Object, Object, Object, Object, Object, Object, Object, Object, Object, Object, Object, Object, Object, Object, Object, Object, Object, Object, Object, Object, Object, Object, Object, Object, Object, Object, Object, Object, Object, Object, Object, Object, Object, Object] @ https://static.zhipin.com/zhipin-geek-seo/v5464/web/geek/js/main.js:0
[    6505ms] [TABLE] [Object, Object, Object, Object, Object, Object, Object, Object, Object, Object, Object, Object, Object, Object, Object, Object, Object, Object, Object, Object, Object, Object, Object, Object, Object, Object, Object, Object, Object, Object, Object, Object, Object, Object, Object, Object, Object, Object, Object, Object, Object, Object, Object, Object, Object, Object, Object, Object, Object, Object] @ https://static.zhipin.com/zhipin-geek-seo/v5464/web/geek/js/main.js:0
[    6539ms] [LOG] [Object, Object, Object, Object, Object, Object, Object, Object, Object, Object, Object, Object, Object, Object, Object, Object, Object, Object, Object, Object, Object, Object, Object, Object, Object, Object, Object, Object, Object, Object, Object, Object, Object, Object, Object, Object, Object, Object, Object, Object, Object, Object, Object, Object, Object, Object, Object, Object, Object, Object] @ https://static.zhipin.com/zhipin-geek-seo/v5464/web/geek/js/main.js:0
[    6540ms] [TABLE] [Object, Object, Object, Object, Object, Object, Object, Object, Object, Object, Object, Object, Object, Object, Object, Object, Object, Object, Object, Object, Object, Object, Object, Object, Object, Object, Object, Object, Object, Object, Object, Object, Object, Object, Object, Object, Object, Object, Object, Object, Object, Object, Object, Object, Object, Object, Object, Object, Object, Object] @ https://static.zhipin.com/zhipin-geek-seo/v5464/web/geek/js/main.js:0
[    6570ms] [LOG] [Object, Object, Object, Object, Object, Object, Object, Object, Object, Object, Object, Object, Object, Object, Object, Object, Object, Object, Object, Object, Object, Object, Object, Object, Object, Object, Object, Object, Object, Object, Object, Object, Object, Object, Object, Object, Object, Object, Object, Object, Object, Object, Object, Object, Object, Object, Object, Object, Object, Object] @ https://static.zhipin.com/zhipin-geek-seo/v5464/web/geek/js/main.js:0
